时间：2022-07-03 11:37:45
版本：v20220630
异常信息：Traceback (most recent call last):
  File "F:\python项目\XueXiTongAutoFlush\faithlearning.py", line 59, in start_learn
    learn_helper.automatic_learning(driver)
  File "F:\python项目\XueXiTongAutoFlush\package\learn\learn_helper.py", line 73, in automatic_learning
    driver.get_driver().find_element(By.CLASS_NAME, "switchbtn").click()
  File "F:\python项目\XueXiTongAutoFlush\venv\lib\site-packages\selenium\webdriver\remote\webdriver.py", line 976, in find_element
    return self.execute(Command.FIND_ELEMENT, {
  File "F:\python项目\XueXiTongAutoFlush\venv\lib\site-packages\selenium\webdriver\remote\webdriver.py", line 321, in execute
    self.error_handler.check_response(response)
  File "F:\python项目\XueXiTongAutoFlush\venv\lib\site-packages\selenium\webdriver\remote\errorhandler.py", line 242, in check_response
    raise exception_class(message, screen, stacktrace)
selenium.common.exceptions.NoSuchElementException: Message: no such element: Unable to locate element: {"method":"class name","selector":"switchbtn"}
  (Session info: chrome=73.0.3683.86)
  (Driver info: chromedriver=73.0.3683.68 (47787ec04b6e38e22703e856e101e840b65afe72),platform=Windows NT 10.0.22000 x86_64)



时间：2022-07-03 15:49:00
版本：v20220630
异常信息：Traceback (most recent call last):
  File "F:\python项目\XueXiTongAutoFlush\package\learn\mydriver.py", line 124, in driver_wait
    WebDriverWait(self.__driver, wait_time, 0.2).until(
  File "F:\python项目\XueXiTongAutoFlush\venv\lib\site-packages\selenium\webdriver\support\wait.py", line 80, in until
    raise TimeoutException(message, screen, stacktrace)
selenium.common.exceptions.TimeoutException: Message: 


During handling of the above exception, another exception occurred:

Traceback (most recent call last):
  File "F:\python项目\XueXiTongAutoFlush\faithlearning.py", line 59, in start_learn
    learn_helper.automatic_learning(driver)
  File "F:\python项目\XueXiTongAutoFlush\package\learn\learn_helper.py", line 185, in automatic_learning
    driver.driver_wait(By.CLASS_NAME, "course_main")
  File "F:\python项目\XueXiTongAutoFlush\package\learn\mydriver.py", line 130, in driver_wait
    raise myException.TimeoutException("当前网络延迟严重\n通过 "+by+" 在页面中没有找到 "+value)
package.learn.exception.TimeoutException: 当前网络延迟严重
通过 class name 在页面中没有找到 course_main


时间：2022-07-03 17:18:55
版本：v20220630
异常信息：Traceback (most recent call last):
  File "F:\python项目\XueXiTongAutoFlush\faithlearning.py", line 59, in start_learn
    learn_helper.automatic_learning(driver)
  File "F:\python项目\XueXiTongAutoFlush\package\learn\learn_helper.py", line 73, in automatic_learning
    driver.get_driver().find_element(By.CLASS_NAME, "switchbtn").click()
  File "F:\python项目\XueXiTongAutoFlush\venv\lib\site-packages\selenium\webdriver\remote\webelement.py", line 80, in click
    self._execute(Command.CLICK_ELEMENT)
  File "F:\python项目\XueXiTongAutoFlush\venv\lib\site-packages\selenium\webdriver\remote\webelement.py", line 633, in _execute
    return self._parent.execute(command, params)
  File "F:\python项目\XueXiTongAutoFlush\venv\lib\site-packages\selenium\webdriver\remote\webdriver.py", line 321, in execute
    self.error_handler.check_response(response)
  File "F:\python项目\XueXiTongAutoFlush\venv\lib\site-packages\selenium\webdriver\remote\errorhandler.py", line 242, in check_response
    raise exception_class(message, screen, stacktrace)
selenium.common.exceptions.WebDriverException: Message: unknown error: Element <div class="switchbtn"></div> is not clickable at point (734, 69). Other element would receive the click: <div class="maskDiv">...</div>
  (Session info: chrome=73.0.3683.86)
  (Driver info: chromedriver=73.0.3683.68 (47787ec04b6e38e22703e856e101e840b65afe72),platform=Windows NT 10.0.22000 x86_64)



时间：2022-07-03 22:49:24
版本：v20220630
异常信息：Traceback (most recent call last):
  File "F:\python项目\XueXiTongAutoFlush\package\learn\learn_helper.py", line 160, in automatic_learning
    task.finish()
  File "F:\python项目\XueXiTongAutoFlush\package\learn\task\video.py", line 24, in finish
    button = self.__driver.find_element(By.CSS_SELECTOR, '[class="vjs-big-play-button"]')
  File "F:\python项目\XueXiTongAutoFlush\venv\lib\site-packages\selenium\webdriver\remote\webdriver.py", line 976, in find_element
    return self.execute(Command.FIND_ELEMENT, {
  File "F:\python项目\XueXiTongAutoFlush\venv\lib\site-packages\selenium\webdriver\remote\webdriver.py", line 321, in execute
    self.error_handler.check_response(response)
  File "F:\python项目\XueXiTongAutoFlush\venv\lib\site-packages\selenium\webdriver\remote\errorhandler.py", line 242, in check_response
    raise exception_class(message, screen, stacktrace)
selenium.common.exceptions.NoSuchElementException: Message: no such element: Unable to locate element: {"method":"css selector","selector":"[class="vjs-big-play-button"]"}
  (Session info: chrome=73.0.3683.86)
  (Driver info: chromedriver=73.0.3683.68 (47787ec04b6e38e22703e856e101e840b65afe72),platform=Windows NT 10.0.22000 x86_64)



时间：2022-07-03 23:00:17
版本：v20220630
异常信息：Traceback (most recent call last):
  File "F:\python项目\XueXiTongAutoFlush\package\learn\learn_helper.py", line 160, in automatic_learning
    task.finish()
  File "F:\python项目\XueXiTongAutoFlush\package\learn\task\video.py", line 24, in finish
    button = self.__driver.find_element(By.CSS_SELECTOR, '[class="vjs-big-play-button"]')
  File "F:\python项目\XueXiTongAutoFlush\venv\lib\site-packages\selenium\webdriver\remote\webdriver.py", line 976, in find_element
    return self.execute(Command.FIND_ELEMENT, {
  File "F:\python项目\XueXiTongAutoFlush\venv\lib\site-packages\selenium\webdriver\remote\webdriver.py", line 321, in execute
    self.error_handler.check_response(response)
  File "F:\python项目\XueXiTongAutoFlush\venv\lib\site-packages\selenium\webdriver\remote\errorhandler.py", line 242, in check_response
    raise exception_class(message, screen, stacktrace)
selenium.common.exceptions.NoSuchElementException: Message: no such element: Unable to locate element: {"method":"css selector","selector":"[class="vjs-big-play-button"]"}
  (Session info: chrome=73.0.3683.86)
  (Driver info: chromedriver=73.0.3683.68 (47787ec04b6e38e22703e856e101e840b65afe72),platform=Windows NT 10.0.22000 x86_64)



时间：2022-07-03 23:20:12
版本：v20220630
异常信息：Traceback (most recent call last):
  File "F:\python项目\XueXiTongAutoFlush\package\learn\learn_helper.py", line 160, in automatic_learning
    task.finish()
  File "F:\python项目\XueXiTongAutoFlush\package\learn\task\video.py", line 24, in finish
    button = self.__driver.find_element(By.CSS_SELECTOR, '[class="vjs-big-play-button"]')
  File "F:\python项目\XueXiTongAutoFlush\venv\lib\site-packages\selenium\webdriver\remote\webdriver.py", line 976, in find_element
    return self.execute(Command.FIND_ELEMENT, {
  File "F:\python项目\XueXiTongAutoFlush\venv\lib\site-packages\selenium\webdriver\remote\webdriver.py", line 321, in execute
    self.error_handler.check_response(response)
  File "F:\python项目\XueXiTongAutoFlush\venv\lib\site-packages\selenium\webdriver\remote\errorhandler.py", line 242, in check_response
    raise exception_class(message, screen, stacktrace)
selenium.common.exceptions.NoSuchElementException: Message: no such element: Unable to locate element: {"method":"css selector","selector":"[class="vjs-big-play-button"]"}
  (Session info: chrome=73.0.3683.86)
  (Driver info: chromedriver=73.0.3683.68 (47787ec04b6e38e22703e856e101e840b65afe72),platform=Windows NT 10.0.22000 x86_64)



时间：2022-07-03 23:21:44
版本：v20220630
异常信息：Traceback (most recent call last):
  File "F:\python项目\XueXiTongAutoFlush\package\learn\learn_helper.py", line 160, in automatic_learning
    task.finish()
  File "F:\python项目\XueXiTongAutoFlush\package\learn\task\video.py", line 24, in finish
    button = self.__driver.find_element(By.CSS_SELECTOR, '[class="vjs-big-play-button"]')
  File "F:\python项目\XueXiTongAutoFlush\venv\lib\site-packages\selenium\webdriver\remote\webdriver.py", line 976, in find_element
    return self.execute(Command.FIND_ELEMENT, {
  File "F:\python项目\XueXiTongAutoFlush\venv\lib\site-packages\selenium\webdriver\remote\webdriver.py", line 321, in execute
    self.error_handler.check_response(response)
  File "F:\python项目\XueXiTongAutoFlush\venv\lib\site-packages\selenium\webdriver\remote\errorhandler.py", line 242, in check_response
    raise exception_class(message, screen, stacktrace)
selenium.common.exceptions.NoSuchElementException: Message: no such element: Unable to locate element: {"method":"css selector","selector":"[class="vjs-big-play-button"]"}
  (Session info: chrome=73.0.3683.86)
  (Driver info: chromedriver=73.0.3683.68 (47787ec04b6e38e22703e856e101e840b65afe72),platform=Windows NT 10.0.22000 x86_64)



时间：2022-07-03 23:23:23
版本：v20220630
异常信息：Traceback (most recent call last):
  File "F:\python项目\XueXiTongAutoFlush\package\learn\learn_helper.py", line 160, in automatic_learning
    task.finish()
  File "F:\python项目\XueXiTongAutoFlush\package\learn\task\video.py", line 24, in finish
    button = self.__driver.find_element(By.CSS_SELECTOR, '[class="vjs-big-play-button"]')
  File "F:\python项目\XueXiTongAutoFlush\venv\lib\site-packages\selenium\webdriver\remote\webdriver.py", line 976, in find_element
    return self.execute(Command.FIND_ELEMENT, {
  File "F:\python项目\XueXiTongAutoFlush\venv\lib\site-packages\selenium\webdriver\remote\webdriver.py", line 321, in execute
    self.error_handler.check_response(response)
  File "F:\python项目\XueXiTongAutoFlush\venv\lib\site-packages\selenium\webdriver\remote\errorhandler.py", line 242, in check_response
    raise exception_class(message, screen, stacktrace)
selenium.common.exceptions.NoSuchElementException: Message: no such element: Unable to locate element: {"method":"css selector","selector":"[class="vjs-big-play-button"]"}
  (Session info: chrome=73.0.3683.86)
  (Driver info: chromedriver=73.0.3683.68 (47787ec04b6e38e22703e856e101e840b65afe72),platform=Windows NT 10.0.22000 x86_64)



时间：2022-07-03 23:24:01
版本：v20220630
异常信息：Traceback (most recent call last):
  File "F:\python项目\XueXiTongAutoFlush\package\learn\learn_helper.py", line 160, in automatic_learning
    task.finish()
  File "F:\python项目\XueXiTongAutoFlush\package\learn\task\video.py", line 24, in finish
    button = self.__driver.find_element(By.CSS_SELECTOR, '[class="vjs-big-play-button"]')
  File "F:\python项目\XueXiTongAutoFlush\venv\lib\site-packages\selenium\webdriver\remote\webdriver.py", line 976, in find_element
    return self.execute(Command.FIND_ELEMENT, {
  File "F:\python项目\XueXiTongAutoFlush\venv\lib\site-packages\selenium\webdriver\remote\webdriver.py", line 321, in execute
    self.error_handler.check_response(response)
  File "F:\python项目\XueXiTongAutoFlush\venv\lib\site-packages\selenium\webdriver\remote\errorhandler.py", line 242, in check_response
    raise exception_class(message, screen, stacktrace)
selenium.common.exceptions.NoSuchElementException: Message: no such element: Unable to locate element: {"method":"css selector","selector":"[class="vjs-big-play-button"]"}
  (Session info: chrome=73.0.3683.86)
  (Driver info: chromedriver=73.0.3683.68 (47787ec04b6e38e22703e856e101e840b65afe72),platform=Windows NT 10.0.22000 x86_64)



时间：2022-07-03 23:24:45
版本：v20220630
异常信息：Traceback (most recent call last):
  File "F:\python项目\XueXiTongAutoFlush\package\learn\learn_helper.py", line 160, in automatic_learning
    task.finish()
  File "F:\python项目\XueXiTongAutoFlush\package\learn\task\video.py", line 24, in finish
    button = self.__driver.find_element(By.CSS_SELECTOR, '[class="vjs-big-play-button"]')
  File "F:\python项目\XueXiTongAutoFlush\venv\lib\site-packages\selenium\webdriver\remote\webdriver.py", line 976, in find_element
    return self.execute(Command.FIND_ELEMENT, {
  File "F:\python项目\XueXiTongAutoFlush\venv\lib\site-packages\selenium\webdriver\remote\webdriver.py", line 321, in execute
    self.error_handler.check_response(response)
  File "F:\python项目\XueXiTongAutoFlush\venv\lib\site-packages\selenium\webdriver\remote\errorhandler.py", line 242, in check_response
    raise exception_class(message, screen, stacktrace)
selenium.common.exceptions.NoSuchElementException: Message: no such element: Unable to locate element: {"method":"css selector","selector":"[class="vjs-big-play-button"]"}
  (Session info: chrome=73.0.3683.86)
  (Driver info: chromedriver=73.0.3683.68 (47787ec04b6e38e22703e856e101e840b65afe72),platform=Windows NT 10.0.22000 x86_64)



时间：2022-07-04 00:11:19
版本：v20220630
异常信息：Traceback (most recent call last):
  File "F:\python项目\XueXiTongAutoFlush\faithlearning.py", line 59, in start_learn
    learn_helper.automatic_learning(driver)
  File "F:\python项目\XueXiTongAutoFlush\package\learn\learn_helper.py", line 185, in automatic_learning
    driver.driver_wait(By.CLASS_NAME, "course_main")
  File "F:\python项目\XueXiTongAutoFlush\package\learn\mydriver.py", line 124, in driver_wait
    WebDriverWait(self.__driver, wait_time, 0.2).until(
  File "F:\python项目\XueXiTongAutoFlush\venv\lib\site-packages\selenium\webdriver\support\wait.py", line 71, in until
    value = method(self._driver)
  File "F:\python项目\XueXiTongAutoFlush\package\learn\mydriver.py", line 125, in <lambda>
    lambda driver: driver.find_element(by, value))
  File "F:\python项目\XueXiTongAutoFlush\venv\lib\site-packages\selenium\webdriver\remote\webdriver.py", line 976, in find_element
    return self.execute(Command.FIND_ELEMENT, {
  File "F:\python项目\XueXiTongAutoFlush\venv\lib\site-packages\selenium\webdriver\remote\webdriver.py", line 321, in execute
    self.error_handler.check_response(response)
  File "F:\python项目\XueXiTongAutoFlush\venv\lib\site-packages\selenium\webdriver\remote\errorhandler.py", line 242, in check_response
    raise exception_class(message, screen, stacktrace)
selenium.common.exceptions.NoSuchWindowException: Message: no such window: target window already closed
from unknown error: web view not found
  (Session info: chrome=73.0.3683.86)
  (Driver info: chromedriver=73.0.3683.68 (47787ec04b6e38e22703e856e101e840b65afe72),platform=Windows NT 10.0.22000 x86_64)



时间：2022-07-04 12:49:49
版本：v20220630
异常信息：Traceback (most recent call last):
  File "F:\python项目\XueXiTongAutoFlush\faithlearning.py", line 59, in start_learn
    learn_helper.automatic_learning(driver)
  File "F:\python项目\XueXiTongAutoFlush\package\learn\learn_helper.py", line 73, in automatic_learning
    driver.get_driver().find_element(By.CLASS_NAME, "switchbtn").click()
  File "F:\python项目\XueXiTongAutoFlush\venv\lib\site-packages\selenium\webdriver\remote\webdriver.py", line 976, in find_element
    return self.execute(Command.FIND_ELEMENT, {
  File "F:\python项目\XueXiTongAutoFlush\venv\lib\site-packages\selenium\webdriver\remote\webdriver.py", line 321, in execute
    self.error_handler.check_response(response)
  File "F:\python项目\XueXiTongAutoFlush\venv\lib\site-packages\selenium\webdriver\remote\errorhandler.py", line 242, in check_response
    raise exception_class(message, screen, stacktrace)
selenium.common.exceptions.NoSuchElementException: Message: no such element: Unable to locate element: {"method":"class name","selector":"switchbtn"}
  (Session info: chrome=73.0.3683.86)
  (Driver info: chromedriver=73.0.3683.68 (47787ec04b6e38e22703e856e101e840b65afe72),platform=Windows NT 10.0.22000 x86_64)



时间：2022-07-04 13:06:54
版本：v20220630
异常信息：Traceback (most recent call last):
  File "F:\python项目\XueXiTongAutoFlush\package\learn\learn_helper.py", line 160, in automatic_learning
    task.finish()
  File "F:\python项目\XueXiTongAutoFlush\package\learn\task\quiz\quiz.py", line 129, in finish
    self.__submitOrSave()
  File "F:\python项目\XueXiTongAutoFlush\package\learn\task\quiz\quiz.py", line 146, in __submitOrSave
    self.__driver.find_element(By.CSS_SELECTOR, '[onclick="noSubmit();"]').click()
  File "F:\python项目\XueXiTongAutoFlush\venv\lib\site-packages\selenium\webdriver\remote\webdriver.py", line 976, in find_element
    return self.execute(Command.FIND_ELEMENT, {
  File "F:\python项目\XueXiTongAutoFlush\venv\lib\site-packages\selenium\webdriver\remote\webdriver.py", line 321, in execute
    self.error_handler.check_response(response)
  File "F:\python项目\XueXiTongAutoFlush\venv\lib\site-packages\selenium\webdriver\remote\errorhandler.py", line 242, in check_response
    raise exception_class(message, screen, stacktrace)
selenium.common.exceptions.NoSuchElementException: Message: no such element: Unable to locate element: {"method":"css selector","selector":"[onclick="noSubmit();"]"}
  (Session info: chrome=73.0.3683.86)
  (Driver info: chromedriver=73.0.3683.68 (47787ec04b6e38e22703e856e101e840b65afe72),platform=Windows NT 10.0.22000 x86_64)



时间：2022-07-04 13:06:54
版本：v20220630
异常信息：Traceback (most recent call last):
  File "F:\python项目\XueXiTongAutoFlush\package\learn\learn_helper.py", line 160, in automatic_learning
    task.finish()
  File "F:\python项目\XueXiTongAutoFlush\package\learn\task\quiz\quiz.py", line 129, in finish
    self.__submitOrSave()
  File "F:\python项目\XueXiTongAutoFlush\package\learn\task\quiz\quiz.py", line 146, in __submitOrSave
    self.__driver.find_element(By.CSS_SELECTOR, '[onclick="noSubmit();"]').click()
  File "F:\python项目\XueXiTongAutoFlush\venv\lib\site-packages\selenium\webdriver\remote\webdriver.py", line 976, in find_element
    return self.execute(Command.FIND_ELEMENT, {
  File "F:\python项目\XueXiTongAutoFlush\venv\lib\site-packages\selenium\webdriver\remote\webdriver.py", line 321, in execute
    self.error_handler.check_response(response)
  File "F:\python项目\XueXiTongAutoFlush\venv\lib\site-packages\selenium\webdriver\remote\errorhandler.py", line 242, in check_response
    raise exception_class(message, screen, stacktrace)
selenium.common.exceptions.NoSuchElementException: Message: no such element: Unable to locate element: {"method":"css selector","selector":"[onclick="noSubmit();"]"}
  (Session info: chrome=73.0.3683.86)
  (Driver info: chromedriver=73.0.3683.68 (47787ec04b6e38e22703e856e101e840b65afe72),platform=Windows NT 10.0.22000 x86_64)



时间：2022-07-04 13:45:40
版本：v20220630
异常信息：Traceback (most recent call last):
  File "F:\python项目\XueXiTongAutoFlush\package\learn\learn_helper.py", line 160, in automatic_learning
    task.finish()
  File "F:\python项目\XueXiTongAutoFlush\package\learn\task\quiz\quiz.py", line 117, in finish
    self.__getData()
  File "F:\python项目\XueXiTongAutoFlush\package\learn\task\quiz\quiz.py", line 69, in __getData
    answerList = myGetAnswer.getAnswer(question, questionType)
  File "F:\python项目\XueXiTongAutoFlush\package\learn\task\quiz\getanswer.py", line 237, in getAnswer
    answerList = self.__requestAnswer(question, questionType)
  File "F:\python项目\XueXiTongAutoFlush\package\learn\task\quiz\getanswer.py", line 141, in __requestAnswer
    answer1 = future1.result(timeout=20)
  File "E:\Python\python3.9.1-64\lib\concurrent\futures\_base.py", line 440, in result
    return self.__get_result()
  File "E:\Python\python3.9.1-64\lib\concurrent\futures\_base.py", line 389, in __get_result
    raise self._exception
  File "E:\Python\python3.9.1-64\lib\concurrent\futures\thread.py", line 52, in run
    result = self.fn(*self.args, **self.kwargs)
  File "F:\python项目\XueXiTongAutoFlush\package\learn\task\quiz\getanswer.py", line 35, in __API1
    dataJson = json.loads(dataText)
  File "E:\Python\python3.9.1-64\lib\json\__init__.py", line 346, in loads
    return _default_decoder.decode(s)
  File "E:\Python\python3.9.1-64\lib\json\decoder.py", line 337, in decode
    obj, end = self.raw_decode(s, idx=_w(s, 0).end())
  File "E:\Python\python3.9.1-64\lib\json\decoder.py", line 355, in raw_decode
    raise JSONDecodeError("Expecting value", s, err.value) from None
json.decoder.JSONDecodeError: Expecting value: line 1 column 1 (char 0)


时间：2022-07-04 13:45:43
版本：v20220630
异常信息：Traceback (most recent call last):
  File "F:\python项目\XueXiTongAutoFlush\package\learn\learn_helper.py", line 160, in automatic_learning
    task.finish()
  File "F:\python项目\XueXiTongAutoFlush\package\learn\task\quiz\quiz.py", line 129, in finish
    self.__submitOrSave()
  File "F:\python项目\XueXiTongAutoFlush\package\learn\task\quiz\quiz.py", line 146, in __submitOrSave
    self.__driver.find_element(By.CSS_SELECTOR, '[onclick="noSubmit();"]').click()
  File "F:\python项目\XueXiTongAutoFlush\venv\lib\site-packages\selenium\webdriver\remote\webdriver.py", line 976, in find_element
    return self.execute(Command.FIND_ELEMENT, {
  File "F:\python项目\XueXiTongAutoFlush\venv\lib\site-packages\selenium\webdriver\remote\webdriver.py", line 321, in execute
    self.error_handler.check_response(response)
  File "F:\python项目\XueXiTongAutoFlush\venv\lib\site-packages\selenium\webdriver\remote\errorhandler.py", line 242, in check_response
    raise exception_class(message, screen, stacktrace)
selenium.common.exceptions.NoSuchElementException: Message: no such element: Unable to locate element: {"method":"css selector","selector":"[onclick="noSubmit();"]"}
  (Session info: chrome=73.0.3683.86)
  (Driver info: chromedriver=73.0.3683.68 (47787ec04b6e38e22703e856e101e840b65afe72),platform=Windows NT 10.0.22000 x86_64)



时间：2022-07-04 13:45:43
版本：v20220630
异常信息：Traceback (most recent call last):
  File "F:\python项目\XueXiTongAutoFlush\package\learn\learn_helper.py", line 160, in automatic_learning
    task.finish()
  File "F:\python项目\XueXiTongAutoFlush\package\learn\task\quiz\quiz.py", line 129, in finish
    self.__submitOrSave()
  File "F:\python项目\XueXiTongAutoFlush\package\learn\task\quiz\quiz.py", line 146, in __submitOrSave
    self.__driver.find_element(By.CSS_SELECTOR, '[onclick="noSubmit();"]').click()
  File "F:\python项目\XueXiTongAutoFlush\venv\lib\site-packages\selenium\webdriver\remote\webdriver.py", line 976, in find_element
    return self.execute(Command.FIND_ELEMENT, {
  File "F:\python项目\XueXiTongAutoFlush\venv\lib\site-packages\selenium\webdriver\remote\webdriver.py", line 321, in execute
    self.error_handler.check_response(response)
  File "F:\python项目\XueXiTongAutoFlush\venv\lib\site-packages\selenium\webdriver\remote\errorhandler.py", line 242, in check_response
    raise exception_class(message, screen, stacktrace)
selenium.common.exceptions.NoSuchElementException: Message: no such element: Unable to locate element: {"method":"css selector","selector":"[onclick="noSubmit();"]"}
  (Session info: chrome=73.0.3683.86)
  (Driver info: chromedriver=73.0.3683.68 (47787ec04b6e38e22703e856e101e840b65afe72),platform=Windows NT 10.0.22000 x86_64)



时间：2022-07-04 14:15:10
版本：v20220630
异常信息：Traceback (most recent call last):
  File "F:\python项目\XueXiTongAutoFlush\package\learn\learn_helper.py", line 160, in automatic_learning
    task.finish()
  File "F:\python项目\XueXiTongAutoFlush\package\learn\task\quiz\quiz.py", line 117, in finish
    self.__getData()
  File "F:\python项目\XueXiTongAutoFlush\package\learn\task\quiz\quiz.py", line 69, in __getData
    answerList = myGetAnswer.getAnswer(question, questionType)
  File "F:\python项目\XueXiTongAutoFlush\package\learn\task\quiz\getanswer.py", line 237, in getAnswer
    answerList = self.__requestAnswer(question, questionType)
  File "F:\python项目\XueXiTongAutoFlush\package\learn\task\quiz\getanswer.py", line 141, in __requestAnswer
    answer1 = future1.result(timeout=20)
  File "E:\Python\python3.9.1-64\lib\concurrent\futures\_base.py", line 440, in result
    return self.__get_result()
  File "E:\Python\python3.9.1-64\lib\concurrent\futures\_base.py", line 389, in __get_result
    raise self._exception
  File "E:\Python\python3.9.1-64\lib\concurrent\futures\thread.py", line 52, in run
    result = self.fn(*self.args, **self.kwargs)
  File "F:\python项目\XueXiTongAutoFlush\package\learn\task\quiz\getanswer.py", line 35, in __API1
    dataJson = json.loads(dataText)
  File "E:\Python\python3.9.1-64\lib\json\__init__.py", line 346, in loads
    return _default_decoder.decode(s)
  File "E:\Python\python3.9.1-64\lib\json\decoder.py", line 337, in decode
    obj, end = self.raw_decode(s, idx=_w(s, 0).end())
  File "E:\Python\python3.9.1-64\lib\json\decoder.py", line 355, in raw_decode
    raise JSONDecodeError("Expecting value", s, err.value) from None
json.decoder.JSONDecodeError: Expecting value: line 1 column 1 (char 0)


时间：2022-07-04 14:15:12
版本：v20220630
异常信息：Traceback (most recent call last):
  File "F:\python项目\XueXiTongAutoFlush\package\learn\learn_helper.py", line 160, in automatic_learning
    task.finish()
  File "F:\python项目\XueXiTongAutoFlush\package\learn\task\quiz\quiz.py", line 129, in finish
    self.__submitOrSave()
  File "F:\python项目\XueXiTongAutoFlush\package\learn\task\quiz\quiz.py", line 146, in __submitOrSave
    self.__driver.find_element(By.CSS_SELECTOR, '[onclick="noSubmit();"]').click()
  File "F:\python项目\XueXiTongAutoFlush\venv\lib\site-packages\selenium\webdriver\remote\webdriver.py", line 976, in find_element
    return self.execute(Command.FIND_ELEMENT, {
  File "F:\python项目\XueXiTongAutoFlush\venv\lib\site-packages\selenium\webdriver\remote\webdriver.py", line 321, in execute
    self.error_handler.check_response(response)
  File "F:\python项目\XueXiTongAutoFlush\venv\lib\site-packages\selenium\webdriver\remote\errorhandler.py", line 242, in check_response
    raise exception_class(message, screen, stacktrace)
selenium.common.exceptions.NoSuchElementException: Message: no such element: Unable to locate element: {"method":"css selector","selector":"[onclick="noSubmit();"]"}
  (Session info: chrome=73.0.3683.86)
  (Driver info: chromedriver=73.0.3683.68 (47787ec04b6e38e22703e856e101e840b65afe72),platform=Windows NT 10.0.22000 x86_64)



时间：2022-07-04 14:15:12
版本：v20220630
异常信息：Traceback (most recent call last):
  File "F:\python项目\XueXiTongAutoFlush\package\learn\learn_helper.py", line 160, in automatic_learning
    task.finish()
  File "F:\python项目\XueXiTongAutoFlush\package\learn\task\quiz\quiz.py", line 129, in finish
    self.__submitOrSave()
  File "F:\python项目\XueXiTongAutoFlush\package\learn\task\quiz\quiz.py", line 146, in __submitOrSave
    self.__driver.find_element(By.CSS_SELECTOR, '[onclick="noSubmit();"]').click()
  File "F:\python项目\XueXiTongAutoFlush\venv\lib\site-packages\selenium\webdriver\remote\webdriver.py", line 976, in find_element
    return self.execute(Command.FIND_ELEMENT, {
  File "F:\python项目\XueXiTongAutoFlush\venv\lib\site-packages\selenium\webdriver\remote\webdriver.py", line 321, in execute
    self.error_handler.check_response(response)
  File "F:\python项目\XueXiTongAutoFlush\venv\lib\site-packages\selenium\webdriver\remote\errorhandler.py", line 242, in check_response
    raise exception_class(message, screen, stacktrace)
selenium.common.exceptions.NoSuchElementException: Message: no such element: Unable to locate element: {"method":"css selector","selector":"[onclick="noSubmit();"]"}
  (Session info: chrome=73.0.3683.86)
  (Driver info: chromedriver=73.0.3683.68 (47787ec04b6e38e22703e856e101e840b65afe72),platform=Windows NT 10.0.22000 x86_64)



时间：2022-07-04 15:21:21
版本：v20220630
异常信息：Traceback (most recent call last):
  File "F:\python项目\XueXiTongAutoFlush\package\learn\learn_helper.py", line 160, in automatic_learning
    task.finish()
  File "F:\python项目\XueXiTongAutoFlush\package\learn\task\quiz\quiz.py", line 129, in finish
    self.__submitOrSave()
  File "F:\python项目\XueXiTongAutoFlush\package\learn\task\quiz\quiz.py", line 146, in __submitOrSave
    self.__driver.find_element(By.CSS_SELECTOR, '[onclick="noSubmit();"]').click()
  File "F:\python项目\XueXiTongAutoFlush\venv\lib\site-packages\selenium\webdriver\remote\webdriver.py", line 976, in find_element
    return self.execute(Command.FIND_ELEMENT, {
  File "F:\python项目\XueXiTongAutoFlush\venv\lib\site-packages\selenium\webdriver\remote\webdriver.py", line 321, in execute
    self.error_handler.check_response(response)
  File "F:\python项目\XueXiTongAutoFlush\venv\lib\site-packages\selenium\webdriver\remote\errorhandler.py", line 242, in check_response
    raise exception_class(message, screen, stacktrace)
selenium.common.exceptions.NoSuchElementException: Message: no such element: Unable to locate element: {"method":"css selector","selector":"[onclick="noSubmit();"]"}
  (Session info: chrome=73.0.3683.86)
  (Driver info: chromedriver=73.0.3683.68 (47787ec04b6e38e22703e856e101e840b65afe72),platform=Windows NT 10.0.22000 x86_64)



时间：2022-07-04 16:00:07
版本：v20220630
异常信息：Traceback (most recent call last):
  File "F:\python项目\XueXiTongAutoFlush\package\learn\learn_helper.py", line 160, in automatic_learning
    task.finish()
  File "F:\python项目\XueXiTongAutoFlush\package\learn\task\quiz\quiz.py", line 129, in finish
    self.__submitOrSave()
  File "F:\python项目\XueXiTongAutoFlush\package\learn\task\quiz\quiz.py", line 146, in __submitOrSave
    self.__driver.find_element(By.CSS_SELECTOR, '[onclick="noSubmit();"]').click()
  File "F:\python项目\XueXiTongAutoFlush\venv\lib\site-packages\selenium\webdriver\remote\webdriver.py", line 976, in find_element
    return self.execute(Command.FIND_ELEMENT, {
  File "F:\python项目\XueXiTongAutoFlush\venv\lib\site-packages\selenium\webdriver\remote\webdriver.py", line 321, in execute
    self.error_handler.check_response(response)
  File "F:\python项目\XueXiTongAutoFlush\venv\lib\site-packages\selenium\webdriver\remote\errorhandler.py", line 242, in check_response
    raise exception_class(message, screen, stacktrace)
selenium.common.exceptions.NoSuchElementException: Message: no such element: Unable to locate element: {"method":"css selector","selector":"[onclick="noSubmit();"]"}
  (Session info: chrome=73.0.3683.86)
  (Driver info: chromedriver=73.0.3683.68 (47787ec04b6e38e22703e856e101e840b65afe72),platform=Windows NT 10.0.22000 x86_64)



时间：2022-07-04 16:46:35
版本：v20220630
异常信息：Traceback (most recent call last):
  File "F:\python项目\XueXiTongAutoFlush\package\learn\learn_helper.py", line 160, in automatic_learning
    task.finish()
  File "F:\python项目\XueXiTongAutoFlush\package\learn\task\quiz\quiz.py", line 129, in finish
    self.__submitOrSave()
  File "F:\python项目\XueXiTongAutoFlush\package\learn\task\quiz\quiz.py", line 146, in __submitOrSave
    self.__driver.find_element(By.CSS_SELECTOR, '[onclick="noSubmit();"]').click()
  File "F:\python项目\XueXiTongAutoFlush\venv\lib\site-packages\selenium\webdriver\remote\webdriver.py", line 976, in find_element
    return self.execute(Command.FIND_ELEMENT, {
  File "F:\python项目\XueXiTongAutoFlush\venv\lib\site-packages\selenium\webdriver\remote\webdriver.py", line 321, in execute
    self.error_handler.check_response(response)
  File "F:\python项目\XueXiTongAutoFlush\venv\lib\site-packages\selenium\webdriver\remote\errorhandler.py", line 242, in check_response
    raise exception_class(message, screen, stacktrace)
selenium.common.exceptions.NoSuchElementException: Message: no such element: Unable to locate element: {"method":"css selector","selector":"[onclick="noSubmit();"]"}
  (Session info: chrome=73.0.3683.86)
  (Driver info: chromedriver=73.0.3683.68 (47787ec04b6e38e22703e856e101e840b65afe72),platform=Windows NT 10.0.22000 x86_64)



时间：2022-07-04 17:40:38
版本：v20220630
异常信息：Traceback (most recent call last):
  File "F:\python项目\XueXiTongAutoFlush\package\learn\learn_helper.py", line 160, in automatic_learning
    task.finish()
  File "F:\python项目\XueXiTongAutoFlush\package\learn\task\quiz\quiz.py", line 129, in finish
    self.__submitOrSave()
  File "F:\python项目\XueXiTongAutoFlush\package\learn\task\quiz\quiz.py", line 146, in __submitOrSave
    self.__driver.find_element(By.CSS_SELECTOR, '[onclick="noSubmit();"]').click()
  File "F:\python项目\XueXiTongAutoFlush\venv\lib\site-packages\selenium\webdriver\remote\webdriver.py", line 976, in find_element
    return self.execute(Command.FIND_ELEMENT, {
  File "F:\python项目\XueXiTongAutoFlush\venv\lib\site-packages\selenium\webdriver\remote\webdriver.py", line 321, in execute
    self.error_handler.check_response(response)
  File "F:\python项目\XueXiTongAutoFlush\venv\lib\site-packages\selenium\webdriver\remote\errorhandler.py", line 242, in check_response
    raise exception_class(message, screen, stacktrace)
selenium.common.exceptions.NoSuchElementException: Message: no such element: Unable to locate element: {"method":"css selector","selector":"[onclick="noSubmit();"]"}
  (Session info: chrome=73.0.3683.86)
  (Driver info: chromedriver=73.0.3683.68 (47787ec04b6e38e22703e856e101e840b65afe72),platform=Windows NT 10.0.22000 x86_64)



时间：2022-07-04 17:40:39
版本：v20220630
异常信息：Traceback (most recent call last):
  File "F:\python项目\XueXiTongAutoFlush\package\learn\learn_helper.py", line 160, in automatic_learning
    task.finish()
  File "F:\python项目\XueXiTongAutoFlush\package\learn\task\quiz\quiz.py", line 129, in finish
    self.__submitOrSave()
  File "F:\python项目\XueXiTongAutoFlush\package\learn\task\quiz\quiz.py", line 146, in __submitOrSave
    self.__driver.find_element(By.CSS_SELECTOR, '[onclick="noSubmit();"]').click()
  File "F:\python项目\XueXiTongAutoFlush\venv\lib\site-packages\selenium\webdriver\remote\webdriver.py", line 976, in find_element
    return self.execute(Command.FIND_ELEMENT, {
  File "F:\python项目\XueXiTongAutoFlush\venv\lib\site-packages\selenium\webdriver\remote\webdriver.py", line 321, in execute
    self.error_handler.check_response(response)
  File "F:\python项目\XueXiTongAutoFlush\venv\lib\site-packages\selenium\webdriver\remote\errorhandler.py", line 242, in check_response
    raise exception_class(message, screen, stacktrace)
selenium.common.exceptions.NoSuchElementException: Message: no such element: Unable to locate element: {"method":"css selector","selector":"[onclick="noSubmit();"]"}
  (Session info: chrome=73.0.3683.86)
  (Driver info: chromedriver=73.0.3683.68 (47787ec04b6e38e22703e856e101e840b65afe72),platform=Windows NT 10.0.22000 x86_64)



时间：2022-07-04 17:56:15
版本：v20220630
异常信息：Traceback (most recent call last):
  File "F:\python项目\XueXiTongAutoFlush\package\learn\learn_helper.py", line 160, in automatic_learning
    task.finish()
  File "F:\python项目\XueXiTongAutoFlush\package\learn\task\quiz\quiz.py", line 129, in finish
    self.__submitOrSave()
  File "F:\python项目\XueXiTongAutoFlush\package\learn\task\quiz\quiz.py", line 146, in __submitOrSave
    self.__driver.find_element(By.CSS_SELECTOR, '[onclick="noSubmit();"]').click()
  File "F:\python项目\XueXiTongAutoFlush\venv\lib\site-packages\selenium\webdriver\remote\webdriver.py", line 976, in find_element
    return self.execute(Command.FIND_ELEMENT, {
  File "F:\python项目\XueXiTongAutoFlush\venv\lib\site-packages\selenium\webdriver\remote\webdriver.py", line 321, in execute
    self.error_handler.check_response(response)
  File "F:\python项目\XueXiTongAutoFlush\venv\lib\site-packages\selenium\webdriver\remote\errorhandler.py", line 242, in check_response
    raise exception_class(message, screen, stacktrace)
selenium.common.exceptions.NoSuchElementException: Message: no such element: Unable to locate element: {"method":"css selector","selector":"[onclick="noSubmit();"]"}
  (Session info: chrome=73.0.3683.86)
  (Driver info: chromedriver=73.0.3683.68 (47787ec04b6e38e22703e856e101e840b65afe72),platform=Windows NT 10.0.22000 x86_64)



时间：2022-07-04 18:44:32
版本：v20220630
异常信息：Traceback (most recent call last):
  File "F:\python项目\XueXiTongAutoFlush\package\learn\learn_helper.py", line 160, in automatic_learning
    task.finish()
  File "F:\python项目\XueXiTongAutoFlush\package\learn\task\quiz\quiz.py", line 129, in finish
    self.__submitOrSave()
  File "F:\python项目\XueXiTongAutoFlush\package\learn\task\quiz\quiz.py", line 146, in __submitOrSave
    self.__driver.find_element(By.CSS_SELECTOR, '[onclick="noSubmit();"]').click()
  File "F:\python项目\XueXiTongAutoFlush\venv\lib\site-packages\selenium\webdriver\remote\webdriver.py", line 976, in find_element
    return self.execute(Command.FIND_ELEMENT, {
  File "F:\python项目\XueXiTongAutoFlush\venv\lib\site-packages\selenium\webdriver\remote\webdriver.py", line 321, in execute
    self.error_handler.check_response(response)
  File "F:\python项目\XueXiTongAutoFlush\venv\lib\site-packages\selenium\webdriver\remote\errorhandler.py", line 242, in check_response
    raise exception_class(message, screen, stacktrace)
selenium.common.exceptions.NoSuchElementException: Message: no such element: Unable to locate element: {"method":"css selector","selector":"[onclick="noSubmit();"]"}
  (Session info: chrome=73.0.3683.86)
  (Driver info: chromedriver=73.0.3683.68 (47787ec04b6e38e22703e856e101e840b65afe72),platform=Windows NT 10.0.22000 x86_64)



时间：2022-07-04 18:44:32
版本：v20220630
异常信息：Traceback (most recent call last):
  File "F:\python项目\XueXiTongAutoFlush\package\learn\learn_helper.py", line 160, in automatic_learning
    task.finish()
  File "F:\python项目\XueXiTongAutoFlush\package\learn\task\quiz\quiz.py", line 129, in finish
    self.__submitOrSave()
  File "F:\python项目\XueXiTongAutoFlush\package\learn\task\quiz\quiz.py", line 146, in __submitOrSave
    self.__driver.find_element(By.CSS_SELECTOR, '[onclick="noSubmit();"]').click()
  File "F:\python项目\XueXiTongAutoFlush\venv\lib\site-packages\selenium\webdriver\remote\webdriver.py", line 976, in find_element
    return self.execute(Command.FIND_ELEMENT, {
  File "F:\python项目\XueXiTongAutoFlush\venv\lib\site-packages\selenium\webdriver\remote\webdriver.py", line 321, in execute
    self.error_handler.check_response(response)
  File "F:\python项目\XueXiTongAutoFlush\venv\lib\site-packages\selenium\webdriver\remote\errorhandler.py", line 242, in check_response
    raise exception_class(message, screen, stacktrace)
selenium.common.exceptions.NoSuchElementException: Message: no such element: Unable to locate element: {"method":"css selector","selector":"[onclick="noSubmit();"]"}
  (Session info: chrome=73.0.3683.86)
  (Driver info: chromedriver=73.0.3683.68 (47787ec04b6e38e22703e856e101e840b65afe72),platform=Windows NT 10.0.22000 x86_64)



时间：2022-07-04 18:53:54
版本：v20220630
异常信息：Traceback (most recent call last):
  File "F:\python项目\XueXiTongAutoFlush\package\learn\learn_helper.py", line 160, in automatic_learning
    task.finish()
  File "F:\python项目\XueXiTongAutoFlush\package\learn\task\quiz\quiz.py", line 129, in finish
    self.__submitOrSave()
  File "F:\python项目\XueXiTongAutoFlush\package\learn\task\quiz\quiz.py", line 146, in __submitOrSave
    self.__driver.find_element(By.CSS_SELECTOR, '[onclick="noSubmit();"]').click()
  File "F:\python项目\XueXiTongAutoFlush\venv\lib\site-packages\selenium\webdriver\remote\webdriver.py", line 976, in find_element
    return self.execute(Command.FIND_ELEMENT, {
  File "F:\python项目\XueXiTongAutoFlush\venv\lib\site-packages\selenium\webdriver\remote\webdriver.py", line 321, in execute
    self.error_handler.check_response(response)
  File "F:\python项目\XueXiTongAutoFlush\venv\lib\site-packages\selenium\webdriver\remote\errorhandler.py", line 242, in check_response
    raise exception_class(message, screen, stacktrace)
selenium.common.exceptions.NoSuchElementException: Message: no such element: Unable to locate element: {"method":"css selector","selector":"[onclick="noSubmit();"]"}
  (Session info: chrome=73.0.3683.86)
  (Driver info: chromedriver=73.0.3683.68 (47787ec04b6e38e22703e856e101e840b65afe72),platform=Windows NT 10.0.22000 x86_64)



时间：2022-07-04 19:19:28
版本：v20220630
异常信息：Traceback (most recent call last):
  File "F:\python项目\XueXiTongAutoFlush\package\learn\task\ppt.py", line 27, in finish
    PPT.__ppt1(self.__driver)
  File "F:\python项目\XueXiTongAutoFlush\package\learn\task\ppt.py", line 33, in __ppt1
    pageData = driver.find_element(By.CSS_SELECTOR, '[class="mkeNum mkeNum_bom"]') \
  File "F:\python项目\XueXiTongAutoFlush\venv\lib\site-packages\selenium\webdriver\remote\webdriver.py", line 976, in find_element
    return self.execute(Command.FIND_ELEMENT, {
  File "F:\python项目\XueXiTongAutoFlush\venv\lib\site-packages\selenium\webdriver\remote\webdriver.py", line 321, in execute
    self.error_handler.check_response(response)
  File "F:\python项目\XueXiTongAutoFlush\venv\lib\site-packages\selenium\webdriver\remote\errorhandler.py", line 242, in check_response
    raise exception_class(message, screen, stacktrace)
selenium.common.exceptions.NoSuchElementException: Message: no such element: Unable to locate element: {"method":"css selector","selector":"[class="mkeNum mkeNum_bom"]"}
  (Session info: chrome=73.0.3683.86)
  (Driver info: chromedriver=73.0.3683.68 (47787ec04b6e38e22703e856e101e840b65afe72),platform=Windows NT 10.0.22000 x86_64)


During handling of the above exception, another exception occurred:

Traceback (most recent call last):
  File "F:\python项目\XueXiTongAutoFlush\package\learn\learn_helper.py", line 160, in automatic_learning
    task.finish()
  File "F:\python项目\XueXiTongAutoFlush\package\learn\task\ppt.py", line 29, in finish
    PPT.__ppt2(self.__driver)
  File "F:\python项目\XueXiTongAutoFlush\package\learn\task\ppt.py", line 54, in __ppt2
    driver.switch_to.frame(driver.find_element(By.CSS_SELECTOR, '[id="panView"]'))  # id="iframe"
  File "F:\python项目\XueXiTongAutoFlush\venv\lib\site-packages\selenium\webdriver\remote\webdriver.py", line 976, in find_element
    return self.execute(Command.FIND_ELEMENT, {
  File "F:\python项目\XueXiTongAutoFlush\venv\lib\site-packages\selenium\webdriver\remote\webdriver.py", line 321, in execute
    self.error_handler.check_response(response)
  File "F:\python项目\XueXiTongAutoFlush\venv\lib\site-packages\selenium\webdriver\remote\errorhandler.py", line 242, in check_response
    raise exception_class(message, screen, stacktrace)
selenium.common.exceptions.NoSuchElementException: Message: no such element: Unable to locate element: {"method":"css selector","selector":"[id="panView"]"}
  (Session info: chrome=73.0.3683.86)
  (Driver info: chromedriver=73.0.3683.68 (47787ec04b6e38e22703e856e101e840b65afe72),platform=Windows NT 10.0.22000 x86_64)



时间：2022-07-04 19:27:31
版本：v20220630
异常信息：Traceback (most recent call last):
  File "F:\python项目\XueXiTongAutoFlush\package\learn\learn_helper.py", line 160, in automatic_learning
    task.finish()
  File "F:\python项目\XueXiTongAutoFlush\package\learn\task\quiz\quiz.py", line 129, in finish
    self.__submitOrSave()
  File "F:\python项目\XueXiTongAutoFlush\package\learn\task\quiz\quiz.py", line 146, in __submitOrSave
    self.__driver.find_element(By.CSS_SELECTOR, '[onclick="noSubmit();"]').click()
  File "F:\python项目\XueXiTongAutoFlush\venv\lib\site-packages\selenium\webdriver\remote\webdriver.py", line 976, in find_element
    return self.execute(Command.FIND_ELEMENT, {
  File "F:\python项目\XueXiTongAutoFlush\venv\lib\site-packages\selenium\webdriver\remote\webdriver.py", line 321, in execute
    self.error_handler.check_response(response)
  File "F:\python项目\XueXiTongAutoFlush\venv\lib\site-packages\selenium\webdriver\remote\errorhandler.py", line 242, in check_response
    raise exception_class(message, screen, stacktrace)
selenium.common.exceptions.NoSuchElementException: Message: no such element: Unable to locate element: {"method":"css selector","selector":"[onclick="noSubmit();"]"}
  (Session info: chrome=73.0.3683.86)
  (Driver info: chromedriver=73.0.3683.68 (47787ec04b6e38e22703e856e101e840b65afe72),platform=Windows NT 10.0.22000 x86_64)



时间：2022-07-04 20:06:28
版本：v20220630
异常信息：Traceback (most recent call last):
  File "F:\python项目\XueXiTongAutoFlush\package\learn\learn_helper.py", line 160, in automatic_learning
    task.finish()
  File "F:\python项目\XueXiTongAutoFlush\package\learn\task\quiz\quiz.py", line 129, in finish
    self.__submitOrSave()
  File "F:\python项目\XueXiTongAutoFlush\package\learn\task\quiz\quiz.py", line 146, in __submitOrSave
    self.__driver.find_element(By.CSS_SELECTOR, '[onclick="noSubmit();"]').click()
  File "F:\python项目\XueXiTongAutoFlush\venv\lib\site-packages\selenium\webdriver\remote\webdriver.py", line 976, in find_element
    return self.execute(Command.FIND_ELEMENT, {
  File "F:\python项目\XueXiTongAutoFlush\venv\lib\site-packages\selenium\webdriver\remote\webdriver.py", line 321, in execute
    self.error_handler.check_response(response)
  File "F:\python项目\XueXiTongAutoFlush\venv\lib\site-packages\selenium\webdriver\remote\errorhandler.py", line 242, in check_response
    raise exception_class(message, screen, stacktrace)
selenium.common.exceptions.NoSuchElementException: Message: no such element: Unable to locate element: {"method":"css selector","selector":"[onclick="noSubmit();"]"}
  (Session info: chrome=73.0.3683.86)
  (Driver info: chromedriver=73.0.3683.68 (47787ec04b6e38e22703e856e101e840b65afe72),platform=Windows NT 10.0.22000 x86_64)



时间：2022-07-04 21:21:25
版本：v20220630
异常信息：Traceback (most recent call last):
  File "F:\python项目\XueXiTongAutoFlush\package\learn\learn_helper.py", line 160, in automatic_learning
    task.finish()
  File "F:\python项目\XueXiTongAutoFlush\package\learn\task\video.py", line 38, in finish
    nowTime = self.__driver.find_element(By.CLASS_NAME, 'vjs-current-time-display').text
  File "F:\python项目\XueXiTongAutoFlush\venv\lib\site-packages\selenium\webdriver\remote\webelement.py", line 76, in text
    return self._execute(Command.GET_ELEMENT_TEXT)['value']
  File "F:\python项目\XueXiTongAutoFlush\venv\lib\site-packages\selenium\webdriver\remote\webelement.py", line 633, in _execute
    return self._parent.execute(command, params)
  File "F:\python项目\XueXiTongAutoFlush\venv\lib\site-packages\selenium\webdriver\remote\webdriver.py", line 321, in execute
    self.error_handler.check_response(response)
  File "F:\python项目\XueXiTongAutoFlush\venv\lib\site-packages\selenium\webdriver\remote\errorhandler.py", line 242, in check_response
    raise exception_class(message, screen, stacktrace)
selenium.common.exceptions.WebDriverException: Message: chrome not reachable
  (Session info: chrome=73.0.3683.86)
  (Driver info: chromedriver=73.0.3683.68 (47787ec04b6e38e22703e856e101e840b65afe72),platform=Windows NT 10.0.22000 x86_64)



时间：2022-07-05 19:00:29
版本：v20220630
异常信息：Traceback (most recent call last):
  File "F:\python项目\XueXiTongAutoFlush\faithlearning.py", line 59, in start_learn
    learn_helper.automatic_learning(driver)
  File "F:\python项目\XueXiTongAutoFlush\package\learn\learn_helper.py", line 77, in automatic_learning
    driver.get_driver().find_element(By.CLASS_NAME, "switchbtn").click()
  File "F:\python项目\XueXiTongAutoFlush\venv\lib\site-packages\selenium\webdriver\remote\webdriver.py", line 976, in find_element
    return self.execute(Command.FIND_ELEMENT, {
  File "F:\python项目\XueXiTongAutoFlush\venv\lib\site-packages\selenium\webdriver\remote\webdriver.py", line 321, in execute
    self.error_handler.check_response(response)
  File "F:\python项目\XueXiTongAutoFlush\venv\lib\site-packages\selenium\webdriver\remote\errorhandler.py", line 242, in check_response
    raise exception_class(message, screen, stacktrace)
selenium.common.exceptions.NoSuchElementException: Message: no such element: Unable to locate element: {"method":"class name","selector":"switchbtn"}
  (Session info: chrome=73.0.3683.86)
  (Driver info: chromedriver=73.0.3683.68 (47787ec04b6e38e22703e856e101e840b65afe72),platform=Windows NT 10.0.22000 x86_64)



时间：2022-07-05 19:01:46
版本：v20220630
异常信息：Traceback (most recent call last):
  File "F:\python项目\XueXiTongAutoFlush\faithlearning.py", line 59, in start_learn
    learn_helper.automatic_learning(driver)
  File "F:\python项目\XueXiTongAutoFlush\package\learn\learn_helper.py", line 77, in automatic_learning
    driver.get_driver().find_element(By.CLASS_NAME, "switchbtn").click()
  File "F:\python项目\XueXiTongAutoFlush\venv\lib\site-packages\selenium\webdriver\remote\webdriver.py", line 976, in find_element
    return self.execute(Command.FIND_ELEMENT, {
  File "F:\python项目\XueXiTongAutoFlush\venv\lib\site-packages\selenium\webdriver\remote\webdriver.py", line 321, in execute
    self.error_handler.check_response(response)
  File "F:\python项目\XueXiTongAutoFlush\venv\lib\site-packages\selenium\webdriver\remote\errorhandler.py", line 242, in check_response
    raise exception_class(message, screen, stacktrace)
selenium.common.exceptions.NoSuchElementException: Message: no such element: Unable to locate element: {"method":"class name","selector":"switchbtn"}
  (Session info: chrome=73.0.3683.86)
  (Driver info: chromedriver=73.0.3683.68 (47787ec04b6e38e22703e856e101e840b65afe72),platform=Windows NT 10.0.22000 x86_64)



时间：2022-07-05 19:26:07
版本：v20220630
异常信息：Traceback (most recent call last):
  File "F:\python项目\XueXiTongAutoFlush\package\learn\learn_helper.py", line 165, in automatic_learning
    task.finish()
  File "F:\python项目\XueXiTongAutoFlush\package\learn\task\video.py", line 38, in finish
    nowTime = self.__driver.find_element(By.CLASS_NAME, 'vjs-current-time-display').text
  File "F:\python项目\XueXiTongAutoFlush\venv\lib\site-packages\selenium\webdriver\remote\webdriver.py", line 976, in find_element
    return self.execute(Command.FIND_ELEMENT, {
  File "F:\python项目\XueXiTongAutoFlush\venv\lib\site-packages\selenium\webdriver\remote\webdriver.py", line 321, in execute
    self.error_handler.check_response(response)
  File "F:\python项目\XueXiTongAutoFlush\venv\lib\site-packages\selenium\webdriver\remote\errorhandler.py", line 242, in check_response
    raise exception_class(message, screen, stacktrace)
selenium.common.exceptions.WebDriverException: Message: chrome not reachable
  (Session info: chrome=73.0.3683.86)
  (Driver info: chromedriver=73.0.3683.68 (47787ec04b6e38e22703e856e101e840b65afe72),platform=Windows NT 10.0.22000 x86_64)



时间：2022-07-05 22:34:40
版本：v20220630
异常信息：Traceback (most recent call last):
  File "F:\python项目\XueXiTongAutoFlush\package\learn\learn_helper.py", line 185, in automatic_learning
    task.finish()
  File "F:\python项目\XueXiTongAutoFlush\package\learn\task\quiz\quiz.py", line 129, in finish
    self.__submitOrSave()
  File "F:\python项目\XueXiTongAutoFlush\package\learn\task\quiz\quiz.py", line 146, in __submitOrSave
    self.__driver.find_element(By.CSS_SELECTOR, '[onclick="noSubmit();"]').click()
  File "F:\python项目\XueXiTongAutoFlush\venv\lib\site-packages\selenium\webdriver\remote\webdriver.py", line 976, in find_element
    return self.execute(Command.FIND_ELEMENT, {
  File "F:\python项目\XueXiTongAutoFlush\venv\lib\site-packages\selenium\webdriver\remote\webdriver.py", line 321, in execute
    self.error_handler.check_response(response)
  File "F:\python项目\XueXiTongAutoFlush\venv\lib\site-packages\selenium\webdriver\remote\errorhandler.py", line 242, in check_response
    raise exception_class(message, screen, stacktrace)
selenium.common.exceptions.NoSuchElementException: Message: no such element: Unable to locate element: {"method":"css selector","selector":"[onclick="noSubmit();"]"}
  (Session info: chrome=73.0.3683.86)
  (Driver info: chromedriver=73.0.3683.68 (47787ec04b6e38e22703e856e101e840b65afe72),platform=Windows NT 10.0.22000 x86_64)



时间：2022-07-05 22:34:41
版本：v20220630
异常信息：Traceback (most recent call last):
  File "F:\python项目\XueXiTongAutoFlush\package\learn\learn_helper.py", line 185, in automatic_learning
    task.finish()
  File "F:\python项目\XueXiTongAutoFlush\package\learn\task\quiz\quiz.py", line 129, in finish
    self.__submitOrSave()
  File "F:\python项目\XueXiTongAutoFlush\package\learn\task\quiz\quiz.py", line 146, in __submitOrSave
    self.__driver.find_element(By.CSS_SELECTOR, '[onclick="noSubmit();"]').click()
  File "F:\python项目\XueXiTongAutoFlush\venv\lib\site-packages\selenium\webdriver\remote\webdriver.py", line 976, in find_element
    return self.execute(Command.FIND_ELEMENT, {
  File "F:\python项目\XueXiTongAutoFlush\venv\lib\site-packages\selenium\webdriver\remote\webdriver.py", line 321, in execute
    self.error_handler.check_response(response)
  File "F:\python项目\XueXiTongAutoFlush\venv\lib\site-packages\selenium\webdriver\remote\errorhandler.py", line 242, in check_response
    raise exception_class(message, screen, stacktrace)
selenium.common.exceptions.NoSuchElementException: Message: no such element: Unable to locate element: {"method":"css selector","selector":"[onclick="noSubmit();"]"}
  (Session info: chrome=73.0.3683.86)
  (Driver info: chromedriver=73.0.3683.68 (47787ec04b6e38e22703e856e101e840b65afe72),platform=Windows NT 10.0.22000 x86_64)



时间：2022-07-05 22:56:15
版本：v20220630
异常信息：Traceback (most recent call last):
  File "F:\python项目\XueXiTongAutoFlush\package\learn\learn_helper.py", line 185, in automatic_learning
    task.finish()
  File "F:\python项目\XueXiTongAutoFlush\package\learn\task\quiz\quiz.py", line 129, in finish
    self.__submitOrSave()
  File "F:\python项目\XueXiTongAutoFlush\package\learn\task\quiz\quiz.py", line 146, in __submitOrSave
    self.__driver.find_element(By.CSS_SELECTOR, '[onclick="noSubmit();"]').click()
  File "F:\python项目\XueXiTongAutoFlush\venv\lib\site-packages\selenium\webdriver\remote\webdriver.py", line 976, in find_element
    return self.execute(Command.FIND_ELEMENT, {
  File "F:\python项目\XueXiTongAutoFlush\venv\lib\site-packages\selenium\webdriver\remote\webdriver.py", line 321, in execute
    self.error_handler.check_response(response)
  File "F:\python项目\XueXiTongAutoFlush\venv\lib\site-packages\selenium\webdriver\remote\errorhandler.py", line 242, in check_response
    raise exception_class(message, screen, stacktrace)
selenium.common.exceptions.NoSuchElementException: Message: no such element: Unable to locate element: {"method":"css selector","selector":"[onclick="noSubmit();"]"}
  (Session info: chrome=73.0.3683.86)
  (Driver info: chromedriver=73.0.3683.68 (47787ec04b6e38e22703e856e101e840b65afe72),platform=Windows NT 10.0.22000 x86_64)



时间：2022-07-05 22:56:15
版本：v20220630
异常信息：Traceback (most recent call last):
  File "F:\python项目\XueXiTongAutoFlush\package\learn\learn_helper.py", line 185, in automatic_learning
    task.finish()
  File "F:\python项目\XueXiTongAutoFlush\package\learn\task\quiz\quiz.py", line 129, in finish
    self.__submitOrSave()
  File "F:\python项目\XueXiTongAutoFlush\package\learn\task\quiz\quiz.py", line 146, in __submitOrSave
    self.__driver.find_element(By.CSS_SELECTOR, '[onclick="noSubmit();"]').click()
  File "F:\python项目\XueXiTongAutoFlush\venv\lib\site-packages\selenium\webdriver\remote\webdriver.py", line 976, in find_element
    return self.execute(Command.FIND_ELEMENT, {
  File "F:\python项目\XueXiTongAutoFlush\venv\lib\site-packages\selenium\webdriver\remote\webdriver.py", line 321, in execute
    self.error_handler.check_response(response)
  File "F:\python项目\XueXiTongAutoFlush\venv\lib\site-packages\selenium\webdriver\remote\errorhandler.py", line 242, in check_response
    raise exception_class(message, screen, stacktrace)
selenium.common.exceptions.NoSuchElementException: Message: no such element: Unable to locate element: {"method":"css selector","selector":"[onclick="noSubmit();"]"}
  (Session info: chrome=73.0.3683.86)
  (Driver info: chromedriver=73.0.3683.68 (47787ec04b6e38e22703e856e101e840b65afe72),platform=Windows NT 10.0.22000 x86_64)



时间：2022-07-05 22:57:42
版本：v20220630
异常信息：Traceback (most recent call last):
  File "F:\python项目\XueXiTongAutoFlush\package\learn\task\ppt.py", line 27, in finish
    PPT.__ppt1(self.__driver)
  File "F:\python项目\XueXiTongAutoFlush\package\learn\task\ppt.py", line 33, in __ppt1
    pageData = driver.find_element(By.CSS_SELECTOR, '[class="mkeNum mkeNum_bom"]') \
  File "F:\python项目\XueXiTongAutoFlush\venv\lib\site-packages\selenium\webdriver\remote\webdriver.py", line 976, in find_element
    return self.execute(Command.FIND_ELEMENT, {
  File "F:\python项目\XueXiTongAutoFlush\venv\lib\site-packages\selenium\webdriver\remote\webdriver.py", line 321, in execute
    self.error_handler.check_response(response)
  File "F:\python项目\XueXiTongAutoFlush\venv\lib\site-packages\selenium\webdriver\remote\errorhandler.py", line 242, in check_response
    raise exception_class(message, screen, stacktrace)
selenium.common.exceptions.NoSuchElementException: Message: no such element: Unable to locate element: {"method":"css selector","selector":"[class="mkeNum mkeNum_bom"]"}
  (Session info: chrome=73.0.3683.86)
  (Driver info: chromedriver=73.0.3683.68 (47787ec04b6e38e22703e856e101e840b65afe72),platform=Windows NT 10.0.22000 x86_64)


During handling of the above exception, another exception occurred:

Traceback (most recent call last):
  File "F:\python项目\XueXiTongAutoFlush\package\learn\learn_helper.py", line 185, in automatic_learning
    task.finish()
  File "F:\python项目\XueXiTongAutoFlush\package\learn\task\ppt.py", line 29, in finish
    PPT.__ppt2(self.__driver)
  File "F:\python项目\XueXiTongAutoFlush\package\learn\task\ppt.py", line 54, in __ppt2
    driver.switch_to.frame(driver.find_element(By.CSS_SELECTOR, '[id="panView"]'))  # id="iframe"
  File "F:\python项目\XueXiTongAutoFlush\venv\lib\site-packages\selenium\webdriver\remote\webdriver.py", line 976, in find_element
    return self.execute(Command.FIND_ELEMENT, {
  File "F:\python项目\XueXiTongAutoFlush\venv\lib\site-packages\selenium\webdriver\remote\webdriver.py", line 321, in execute
    self.error_handler.check_response(response)
  File "F:\python项目\XueXiTongAutoFlush\venv\lib\site-packages\selenium\webdriver\remote\errorhandler.py", line 242, in check_response
    raise exception_class(message, screen, stacktrace)
selenium.common.exceptions.NoSuchElementException: Message: no such element: Unable to locate element: {"method":"css selector","selector":"[id="panView"]"}
  (Session info: chrome=73.0.3683.86)
  (Driver info: chromedriver=73.0.3683.68 (47787ec04b6e38e22703e856e101e840b65afe72),platform=Windows NT 10.0.22000 x86_64)



时间：2022-07-05 23:10:20
版本：v20220630
异常信息：Traceback (most recent call last):
  File "F:\python项目\XueXiTongAutoFlush\package\learn\learn_helper.py", line 185, in automatic_learning
    task.finish()
  File "F:\python项目\XueXiTongAutoFlush\package\learn\task\quiz\quiz.py", line 129, in finish
    self.__submitOrSave()
  File "F:\python项目\XueXiTongAutoFlush\package\learn\task\quiz\quiz.py", line 146, in __submitOrSave
    self.__driver.find_element(By.CSS_SELECTOR, '[onclick="noSubmit();"]').click()
  File "F:\python项目\XueXiTongAutoFlush\venv\lib\site-packages\selenium\webdriver\remote\webdriver.py", line 976, in find_element
    return self.execute(Command.FIND_ELEMENT, {
  File "F:\python项目\XueXiTongAutoFlush\venv\lib\site-packages\selenium\webdriver\remote\webdriver.py", line 321, in execute
    self.error_handler.check_response(response)
  File "F:\python项目\XueXiTongAutoFlush\venv\lib\site-packages\selenium\webdriver\remote\errorhandler.py", line 242, in check_response
    raise exception_class(message, screen, stacktrace)
selenium.common.exceptions.NoSuchElementException: Message: no such element: Unable to locate element: {"method":"css selector","selector":"[onclick="noSubmit();"]"}
  (Session info: chrome=73.0.3683.86)
  (Driver info: chromedriver=73.0.3683.68 (47787ec04b6e38e22703e856e101e840b65afe72),platform=Windows NT 10.0.22000 x86_64)



时间：2022-07-06 00:15:30
版本：v20220630
异常信息：Traceback (most recent call last):
  File "F:\python项目\XueXiTongAutoFlush\package\learn\learn_helper.py", line 185, in automatic_learning
    task.finish()
  File "F:\python项目\XueXiTongAutoFlush\package\learn\task\quiz\quiz.py", line 129, in finish
    self.__submitOrSave()
  File "F:\python项目\XueXiTongAutoFlush\package\learn\task\quiz\quiz.py", line 146, in __submitOrSave
    self.__driver.find_element(By.CSS_SELECTOR, '[onclick="noSubmit();"]').click()
  File "F:\python项目\XueXiTongAutoFlush\venv\lib\site-packages\selenium\webdriver\remote\webdriver.py", line 976, in find_element
    return self.execute(Command.FIND_ELEMENT, {
  File "F:\python项目\XueXiTongAutoFlush\venv\lib\site-packages\selenium\webdriver\remote\webdriver.py", line 321, in execute
    self.error_handler.check_response(response)
  File "F:\python项目\XueXiTongAutoFlush\venv\lib\site-packages\selenium\webdriver\remote\errorhandler.py", line 242, in check_response
    raise exception_class(message, screen, stacktrace)
selenium.common.exceptions.NoSuchElementException: Message: no such element: Unable to locate element: {"method":"css selector","selector":"[onclick="noSubmit();"]"}
  (Session info: chrome=73.0.3683.86)
  (Driver info: chromedriver=73.0.3683.68 (47787ec04b6e38e22703e856e101e840b65afe72),platform=Windows NT 10.0.22000 x86_64)



时间：2022-07-06 00:15:30
版本：v20220630
异常信息：Traceback (most recent call last):
  File "F:\python项目\XueXiTongAutoFlush\package\learn\learn_helper.py", line 185, in automatic_learning
    task.finish()
  File "F:\python项目\XueXiTongAutoFlush\package\learn\task\quiz\quiz.py", line 129, in finish
    self.__submitOrSave()
  File "F:\python项目\XueXiTongAutoFlush\package\learn\task\quiz\quiz.py", line 146, in __submitOrSave
    self.__driver.find_element(By.CSS_SELECTOR, '[onclick="noSubmit();"]').click()
  File "F:\python项目\XueXiTongAutoFlush\venv\lib\site-packages\selenium\webdriver\remote\webdriver.py", line 976, in find_element
    return self.execute(Command.FIND_ELEMENT, {
  File "F:\python项目\XueXiTongAutoFlush\venv\lib\site-packages\selenium\webdriver\remote\webdriver.py", line 321, in execute
    self.error_handler.check_response(response)
  File "F:\python项目\XueXiTongAutoFlush\venv\lib\site-packages\selenium\webdriver\remote\errorhandler.py", line 242, in check_response
    raise exception_class(message, screen, stacktrace)
selenium.common.exceptions.NoSuchElementException: Message: no such element: Unable to locate element: {"method":"css selector","selector":"[onclick="noSubmit();"]"}
  (Session info: chrome=73.0.3683.86)
  (Driver info: chromedriver=73.0.3683.68 (47787ec04b6e38e22703e856e101e840b65afe72),platform=Windows NT 10.0.22000 x86_64)



时间：2022-07-06 00:29:19
版本：v20220630
异常信息：Traceback (most recent call last):
  File "F:\python项目\XueXiTongAutoFlush\package\learn\learn_helper.py", line 185, in automatic_learning
    task.finish()
  File "F:\python项目\XueXiTongAutoFlush\package\learn\task\quiz\quiz.py", line 129, in finish
    self.__submitOrSave()
  File "F:\python项目\XueXiTongAutoFlush\package\learn\task\quiz\quiz.py", line 146, in __submitOrSave
    self.__driver.find_element(By.CSS_SELECTOR, '[onclick="noSubmit();"]').click()
  File "F:\python项目\XueXiTongAutoFlush\venv\lib\site-packages\selenium\webdriver\remote\webdriver.py", line 976, in find_element
    return self.execute(Command.FIND_ELEMENT, {
  File "F:\python项目\XueXiTongAutoFlush\venv\lib\site-packages\selenium\webdriver\remote\webdriver.py", line 321, in execute
    self.error_handler.check_response(response)
  File "F:\python项目\XueXiTongAutoFlush\venv\lib\site-packages\selenium\webdriver\remote\errorhandler.py", line 242, in check_response
    raise exception_class(message, screen, stacktrace)
selenium.common.exceptions.NoSuchElementException: Message: no such element: Unable to locate element: {"method":"css selector","selector":"[onclick="noSubmit();"]"}
  (Session info: chrome=73.0.3683.86)
  (Driver info: chromedriver=73.0.3683.68 (47787ec04b6e38e22703e856e101e840b65afe72),platform=Windows NT 10.0.22000 x86_64)



时间：2022-07-06 00:41:37
版本：v20220630
异常信息：Traceback (most recent call last):
  File "F:\python项目\XueXiTongAutoFlush\package\learn\learn_helper.py", line 185, in automatic_learning
    task.finish()
  File "F:\python项目\XueXiTongAutoFlush\package\learn\task\quiz\quiz.py", line 129, in finish
    self.__submitOrSave()
  File "F:\python项目\XueXiTongAutoFlush\package\learn\task\quiz\quiz.py", line 146, in __submitOrSave
    self.__driver.find_element(By.CSS_SELECTOR, '[onclick="noSubmit();"]').click()
  File "F:\python项目\XueXiTongAutoFlush\venv\lib\site-packages\selenium\webdriver\remote\webdriver.py", line 976, in find_element
    return self.execute(Command.FIND_ELEMENT, {
  File "F:\python项目\XueXiTongAutoFlush\venv\lib\site-packages\selenium\webdriver\remote\webdriver.py", line 321, in execute
    self.error_handler.check_response(response)
  File "F:\python项目\XueXiTongAutoFlush\venv\lib\site-packages\selenium\webdriver\remote\errorhandler.py", line 242, in check_response
    raise exception_class(message, screen, stacktrace)
selenium.common.exceptions.NoSuchElementException: Message: no such element: Unable to locate element: {"method":"css selector","selector":"[onclick="noSubmit();"]"}
  (Session info: chrome=73.0.3683.86)
  (Driver info: chromedriver=73.0.3683.68 (47787ec04b6e38e22703e856e101e840b65afe72),platform=Windows NT 10.0.22000 x86_64)



时间：2022-07-06 01:35:33
版本：v20220630
异常信息：Traceback (most recent call last):
  File "F:\python项目\XueXiTongAutoFlush\package\learn\learn_helper.py", line 185, in automatic_learning
    task.finish()
  File "F:\python项目\XueXiTongAutoFlush\package\learn\task\quiz\quiz.py", line 129, in finish
    self.__submitOrSave()
  File "F:\python项目\XueXiTongAutoFlush\package\learn\task\quiz\quiz.py", line 146, in __submitOrSave
    self.__driver.find_element(By.CSS_SELECTOR, '[onclick="noSubmit();"]').click()
  File "F:\python项目\XueXiTongAutoFlush\venv\lib\site-packages\selenium\webdriver\remote\webdriver.py", line 976, in find_element
    return self.execute(Command.FIND_ELEMENT, {
  File "F:\python项目\XueXiTongAutoFlush\venv\lib\site-packages\selenium\webdriver\remote\webdriver.py", line 321, in execute
    self.error_handler.check_response(response)
  File "F:\python项目\XueXiTongAutoFlush\venv\lib\site-packages\selenium\webdriver\remote\errorhandler.py", line 242, in check_response
    raise exception_class(message, screen, stacktrace)
selenium.common.exceptions.NoSuchElementException: Message: no such element: Unable to locate element: {"method":"css selector","selector":"[onclick="noSubmit();"]"}
  (Session info: chrome=73.0.3683.86)
  (Driver info: chromedriver=73.0.3683.68 (47787ec04b6e38e22703e856e101e840b65afe72),platform=Windows NT 10.0.22000 x86_64)



时间：2022-07-06 03:03:05
版本：v20220630
异常信息：Traceback (most recent call last):
  File "F:\python项目\XueXiTongAutoFlush\package\learn\learn_helper.py", line 185, in automatic_learning
    task.finish()
  File "F:\python项目\XueXiTongAutoFlush\package\learn\task\quiz\quiz.py", line 129, in finish
    self.__submitOrSave()
  File "F:\python项目\XueXiTongAutoFlush\package\learn\task\quiz\quiz.py", line 146, in __submitOrSave
    self.__driver.find_element(By.CSS_SELECTOR, '[onclick="noSubmit();"]').click()
  File "F:\python项目\XueXiTongAutoFlush\venv\lib\site-packages\selenium\webdriver\remote\webdriver.py", line 976, in find_element
    return self.execute(Command.FIND_ELEMENT, {
  File "F:\python项目\XueXiTongAutoFlush\venv\lib\site-packages\selenium\webdriver\remote\webdriver.py", line 321, in execute
    self.error_handler.check_response(response)
  File "F:\python项目\XueXiTongAutoFlush\venv\lib\site-packages\selenium\webdriver\remote\errorhandler.py", line 242, in check_response
    raise exception_class(message, screen, stacktrace)
selenium.common.exceptions.NoSuchElementException: Message: no such element: Unable to locate element: {"method":"css selector","selector":"[onclick="noSubmit();"]"}
  (Session info: chrome=73.0.3683.86)
  (Driver info: chromedriver=73.0.3683.68 (47787ec04b6e38e22703e856e101e840b65afe72),platform=Windows NT 10.0.22000 x86_64)



时间：2022-07-06 03:03:05
版本：v20220630
异常信息：Traceback (most recent call last):
  File "F:\python项目\XueXiTongAutoFlush\package\learn\learn_helper.py", line 185, in automatic_learning
    task.finish()
  File "F:\python项目\XueXiTongAutoFlush\package\learn\task\quiz\quiz.py", line 129, in finish
    self.__submitOrSave()
  File "F:\python项目\XueXiTongAutoFlush\package\learn\task\quiz\quiz.py", line 146, in __submitOrSave
    self.__driver.find_element(By.CSS_SELECTOR, '[onclick="noSubmit();"]').click()
  File "F:\python项目\XueXiTongAutoFlush\venv\lib\site-packages\selenium\webdriver\remote\webdriver.py", line 976, in find_element
    return self.execute(Command.FIND_ELEMENT, {
  File "F:\python项目\XueXiTongAutoFlush\venv\lib\site-packages\selenium\webdriver\remote\webdriver.py", line 321, in execute
    self.error_handler.check_response(response)
  File "F:\python项目\XueXiTongAutoFlush\venv\lib\site-packages\selenium\webdriver\remote\errorhandler.py", line 242, in check_response
    raise exception_class(message, screen, stacktrace)
selenium.common.exceptions.NoSuchElementException: Message: no such element: Unable to locate element: {"method":"css selector","selector":"[onclick="noSubmit();"]"}
  (Session info: chrome=73.0.3683.86)
  (Driver info: chromedriver=73.0.3683.68 (47787ec04b6e38e22703e856e101e840b65afe72),platform=Windows NT 10.0.22000 x86_64)



时间：2022-07-06 03:39:46
版本：v20220630
异常信息：Traceback (most recent call last):
  File "F:\python项目\XueXiTongAutoFlush\package\learn\learn_helper.py", line 185, in automatic_learning
    task.finish()
  File "F:\python项目\XueXiTongAutoFlush\package\learn\task\quiz\quiz.py", line 129, in finish
    self.__submitOrSave()
  File "F:\python项目\XueXiTongAutoFlush\package\learn\task\quiz\quiz.py", line 146, in __submitOrSave
    self.__driver.find_element(By.CSS_SELECTOR, '[onclick="noSubmit();"]').click()
  File "F:\python项目\XueXiTongAutoFlush\venv\lib\site-packages\selenium\webdriver\remote\webdriver.py", line 976, in find_element
    return self.execute(Command.FIND_ELEMENT, {
  File "F:\python项目\XueXiTongAutoFlush\venv\lib\site-packages\selenium\webdriver\remote\webdriver.py", line 321, in execute
    self.error_handler.check_response(response)
  File "F:\python项目\XueXiTongAutoFlush\venv\lib\site-packages\selenium\webdriver\remote\errorhandler.py", line 242, in check_response
    raise exception_class(message, screen, stacktrace)
selenium.common.exceptions.NoSuchElementException: Message: no such element: Unable to locate element: {"method":"css selector","selector":"[onclick="noSubmit();"]"}
  (Session info: chrome=73.0.3683.86)
  (Driver info: chromedriver=73.0.3683.68 (47787ec04b6e38e22703e856e101e840b65afe72),platform=Windows NT 10.0.22000 x86_64)



时间：2022-07-06 04:45:44
版本：v20220630
异常信息：Traceback (most recent call last):
  File "F:\python项目\XueXiTongAutoFlush\package\learn\learn_helper.py", line 185, in automatic_learning
    task.finish()
  File "F:\python项目\XueXiTongAutoFlush\package\learn\task\quiz\quiz.py", line 129, in finish
    self.__submitOrSave()
  File "F:\python项目\XueXiTongAutoFlush\package\learn\task\quiz\quiz.py", line 146, in __submitOrSave
    self.__driver.find_element(By.CSS_SELECTOR, '[onclick="noSubmit();"]').click()
  File "F:\python项目\XueXiTongAutoFlush\venv\lib\site-packages\selenium\webdriver\remote\webdriver.py", line 976, in find_element
    return self.execute(Command.FIND_ELEMENT, {
  File "F:\python项目\XueXiTongAutoFlush\venv\lib\site-packages\selenium\webdriver\remote\webdriver.py", line 321, in execute
    self.error_handler.check_response(response)
  File "F:\python项目\XueXiTongAutoFlush\venv\lib\site-packages\selenium\webdriver\remote\errorhandler.py", line 242, in check_response
    raise exception_class(message, screen, stacktrace)
selenium.common.exceptions.NoSuchElementException: Message: no such element: Unable to locate element: {"method":"css selector","selector":"[onclick="noSubmit();"]"}
  (Session info: chrome=73.0.3683.86)
  (Driver info: chromedriver=73.0.3683.68 (47787ec04b6e38e22703e856e101e840b65afe72),platform=Windows NT 10.0.22000 x86_64)



时间：2022-07-06 05:14:51
版本：v20220630
异常信息：Traceback (most recent call last):
  File "F:\python项目\XueXiTongAutoFlush\package\learn\learn_helper.py", line 185, in automatic_learning
    task.finish()
  File "F:\python项目\XueXiTongAutoFlush\package\learn\task\quiz\quiz.py", line 129, in finish
    self.__submitOrSave()
  File "F:\python项目\XueXiTongAutoFlush\package\learn\task\quiz\quiz.py", line 146, in __submitOrSave
    self.__driver.find_element(By.CSS_SELECTOR, '[onclick="noSubmit();"]').click()
  File "F:\python项目\XueXiTongAutoFlush\venv\lib\site-packages\selenium\webdriver\remote\webdriver.py", line 976, in find_element
    return self.execute(Command.FIND_ELEMENT, {
  File "F:\python项目\XueXiTongAutoFlush\venv\lib\site-packages\selenium\webdriver\remote\webdriver.py", line 321, in execute
    self.error_handler.check_response(response)
  File "F:\python项目\XueXiTongAutoFlush\venv\lib\site-packages\selenium\webdriver\remote\errorhandler.py", line 242, in check_response
    raise exception_class(message, screen, stacktrace)
selenium.common.exceptions.NoSuchElementException: Message: no such element: Unable to locate element: {"method":"css selector","selector":"[onclick="noSubmit();"]"}
  (Session info: chrome=73.0.3683.86)
  (Driver info: chromedriver=73.0.3683.68 (47787ec04b6e38e22703e856e101e840b65afe72),platform=Windows NT 10.0.22000 x86_64)



时间：2022-07-06 05:14:51
版本：v20220630
异常信息：Traceback (most recent call last):
  File "F:\python项目\XueXiTongAutoFlush\package\learn\learn_helper.py", line 185, in automatic_learning
    task.finish()
  File "F:\python项目\XueXiTongAutoFlush\package\learn\task\quiz\quiz.py", line 129, in finish
    self.__submitOrSave()
  File "F:\python项目\XueXiTongAutoFlush\package\learn\task\quiz\quiz.py", line 146, in __submitOrSave
    self.__driver.find_element(By.CSS_SELECTOR, '[onclick="noSubmit();"]').click()
  File "F:\python项目\XueXiTongAutoFlush\venv\lib\site-packages\selenium\webdriver\remote\webdriver.py", line 976, in find_element
    return self.execute(Command.FIND_ELEMENT, {
  File "F:\python项目\XueXiTongAutoFlush\venv\lib\site-packages\selenium\webdriver\remote\webdriver.py", line 321, in execute
    self.error_handler.check_response(response)
  File "F:\python项目\XueXiTongAutoFlush\venv\lib\site-packages\selenium\webdriver\remote\errorhandler.py", line 242, in check_response
    raise exception_class(message, screen, stacktrace)
selenium.common.exceptions.NoSuchElementException: Message: no such element: Unable to locate element: {"method":"css selector","selector":"[onclick="noSubmit();"]"}
  (Session info: chrome=73.0.3683.86)
  (Driver info: chromedriver=73.0.3683.68 (47787ec04b6e38e22703e856e101e840b65afe72),platform=Windows NT 10.0.22000 x86_64)



时间：2022-07-06 05:48:12
版本：v20220630
异常信息：Traceback (most recent call last):
  File "F:\python项目\XueXiTongAutoFlush\package\learn\learn_helper.py", line 185, in automatic_learning
    task.finish()
  File "F:\python项目\XueXiTongAutoFlush\package\learn\task\quiz\quiz.py", line 129, in finish
    self.__submitOrSave()
  File "F:\python项目\XueXiTongAutoFlush\package\learn\task\quiz\quiz.py", line 146, in __submitOrSave
    self.__driver.find_element(By.CSS_SELECTOR, '[onclick="noSubmit();"]').click()
  File "F:\python项目\XueXiTongAutoFlush\venv\lib\site-packages\selenium\webdriver\remote\webdriver.py", line 976, in find_element
    return self.execute(Command.FIND_ELEMENT, {
  File "F:\python项目\XueXiTongAutoFlush\venv\lib\site-packages\selenium\webdriver\remote\webdriver.py", line 321, in execute
    self.error_handler.check_response(response)
  File "F:\python项目\XueXiTongAutoFlush\venv\lib\site-packages\selenium\webdriver\remote\errorhandler.py", line 242, in check_response
    raise exception_class(message, screen, stacktrace)
selenium.common.exceptions.NoSuchElementException: Message: no such element: Unable to locate element: {"method":"css selector","selector":"[onclick="noSubmit();"]"}
  (Session info: chrome=73.0.3683.86)
  (Driver info: chromedriver=73.0.3683.68 (47787ec04b6e38e22703e856e101e840b65afe72),platform=Windows NT 10.0.22000 x86_64)



时间：2022-07-06 06:21:13
版本：v20220630
异常信息：Traceback (most recent call last):
  File "F:\python项目\XueXiTongAutoFlush\package\learn\learn_helper.py", line 185, in automatic_learning
    task.finish()
  File "F:\python项目\XueXiTongAutoFlush\package\learn\task\quiz\quiz.py", line 129, in finish
    self.__submitOrSave()
  File "F:\python项目\XueXiTongAutoFlush\package\learn\task\quiz\quiz.py", line 146, in __submitOrSave
    self.__driver.find_element(By.CSS_SELECTOR, '[onclick="noSubmit();"]').click()
  File "F:\python项目\XueXiTongAutoFlush\venv\lib\site-packages\selenium\webdriver\remote\webdriver.py", line 976, in find_element
    return self.execute(Command.FIND_ELEMENT, {
  File "F:\python项目\XueXiTongAutoFlush\venv\lib\site-packages\selenium\webdriver\remote\webdriver.py", line 321, in execute
    self.error_handler.check_response(response)
  File "F:\python项目\XueXiTongAutoFlush\venv\lib\site-packages\selenium\webdriver\remote\errorhandler.py", line 242, in check_response
    raise exception_class(message, screen, stacktrace)
selenium.common.exceptions.NoSuchElementException: Message: no such element: Unable to locate element: {"method":"css selector","selector":"[onclick="noSubmit();"]"}
  (Session info: chrome=73.0.3683.86)
  (Driver info: chromedriver=73.0.3683.68 (47787ec04b6e38e22703e856e101e840b65afe72),platform=Windows NT 10.0.22000 x86_64)



时间：2022-07-06 07:38:31
版本：v20220630
异常信息：Traceback (most recent call last):
  File "F:\python项目\XueXiTongAutoFlush\package\learn\learn_helper.py", line 185, in automatic_learning
    task.finish()
  File "F:\python项目\XueXiTongAutoFlush\package\learn\task\quiz\quiz.py", line 129, in finish
    self.__submitOrSave()
  File "F:\python项目\XueXiTongAutoFlush\package\learn\task\quiz\quiz.py", line 146, in __submitOrSave
    self.__driver.find_element(By.CSS_SELECTOR, '[onclick="noSubmit();"]').click()
  File "F:\python项目\XueXiTongAutoFlush\venv\lib\site-packages\selenium\webdriver\remote\webdriver.py", line 976, in find_element
    return self.execute(Command.FIND_ELEMENT, {
  File "F:\python项目\XueXiTongAutoFlush\venv\lib\site-packages\selenium\webdriver\remote\webdriver.py", line 321, in execute
    self.error_handler.check_response(response)
  File "F:\python项目\XueXiTongAutoFlush\venv\lib\site-packages\selenium\webdriver\remote\errorhandler.py", line 242, in check_response
    raise exception_class(message, screen, stacktrace)
selenium.common.exceptions.NoSuchElementException: Message: no such element: Unable to locate element: {"method":"css selector","selector":"[onclick="noSubmit();"]"}
  (Session info: chrome=73.0.3683.86)
  (Driver info: chromedriver=73.0.3683.68 (47787ec04b6e38e22703e856e101e840b65afe72),platform=Windows NT 10.0.22000 x86_64)



时间：2022-07-06 08:25:23
版本：v20220630
异常信息：Traceback (most recent call last):
  File "F:\python项目\XueXiTongAutoFlush\package\learn\learn_helper.py", line 185, in automatic_learning
    task.finish()
  File "F:\python项目\XueXiTongAutoFlush\package\learn\task\quiz\quiz.py", line 129, in finish
    self.__submitOrSave()
  File "F:\python项目\XueXiTongAutoFlush\package\learn\task\quiz\quiz.py", line 146, in __submitOrSave
    self.__driver.find_element(By.CSS_SELECTOR, '[onclick="noSubmit();"]').click()
  File "F:\python项目\XueXiTongAutoFlush\venv\lib\site-packages\selenium\webdriver\remote\webdriver.py", line 976, in find_element
    return self.execute(Command.FIND_ELEMENT, {
  File "F:\python项目\XueXiTongAutoFlush\venv\lib\site-packages\selenium\webdriver\remote\webdriver.py", line 321, in execute
    self.error_handler.check_response(response)
  File "F:\python项目\XueXiTongAutoFlush\venv\lib\site-packages\selenium\webdriver\remote\errorhandler.py", line 242, in check_response
    raise exception_class(message, screen, stacktrace)
selenium.common.exceptions.NoSuchElementException: Message: no such element: Unable to locate element: {"method":"css selector","selector":"[onclick="noSubmit();"]"}
  (Session info: chrome=73.0.3683.86)
  (Driver info: chromedriver=73.0.3683.68 (47787ec04b6e38e22703e856e101e840b65afe72),platform=Windows NT 10.0.22000 x86_64)



时间：2022-07-06 08:39:24
版本：v20220630
异常信息：Traceback (most recent call last):
  File "F:\python项目\XueXiTongAutoFlush\faithlearning.py", line 61, in start_learn
    learn_helper.automatic_learning(driver, True)
  File "F:\python项目\XueXiTongAutoFlush\package\learn\learn_helper.py", line 209, in automatic_learning
    next_button.click()
  File "F:\python项目\XueXiTongAutoFlush\venv\lib\site-packages\selenium\webdriver\remote\webelement.py", line 80, in click
    self._execute(Command.CLICK_ELEMENT)
  File "F:\python项目\XueXiTongAutoFlush\venv\lib\site-packages\selenium\webdriver\remote\webelement.py", line 633, in _execute
    return self._parent.execute(command, params)
  File "F:\python项目\XueXiTongAutoFlush\venv\lib\site-packages\selenium\webdriver\remote\webdriver.py", line 321, in execute
    self.error_handler.check_response(response)
  File "F:\python项目\XueXiTongAutoFlush\venv\lib\site-packages\selenium\webdriver\remote\errorhandler.py", line 242, in check_response
    raise exception_class(message, screen, stacktrace)
selenium.common.exceptions.ElementNotVisibleException: Message: element not interactable
  (Session info: chrome=73.0.3683.86)
  (Driver info: chromedriver=73.0.3683.68 (47787ec04b6e38e22703e856e101e840b65afe72),platform=Windows NT 10.0.22000 x86_64)



时间：2022-07-06 22:42:50
版本：v20220630
异常信息：Traceback (most recent call last):
  File "F:\python项目\XueXiTongAutoFlush\package\learn\mydriver.py", line 124, in driver_wait
    WebDriverWait(self.__driver, wait_time, 0.2).until(
  File "F:\python项目\XueXiTongAutoFlush\venv\lib\site-packages\selenium\webdriver\support\wait.py", line 80, in until
    raise TimeoutException(message, screen, stacktrace)
selenium.common.exceptions.TimeoutException: Message: 


During handling of the above exception, another exception occurred:

Traceback (most recent call last):
  File "F:\python项目\XueXiTongAutoFlush\faithlearning.py", line 59, in start_learn
    learn_helper.automatic_learning(driver)
  File "F:\python项目\XueXiTongAutoFlush\package\learn\learn_helper.py", line 96, in automatic_learning
    driver.driver_wait(By.CSS_SELECTOR, '[id="iframe"]')
  File "F:\python项目\XueXiTongAutoFlush\package\learn\mydriver.py", line 130, in driver_wait
    raise myException.TimeoutException("当前网络延迟严重\n通过 "+by+" 在页面中没有找到 "+value)
package.learn.exception.TimeoutException: 当前网络延迟严重
通过 css selector 在页面中没有找到 [id="iframe"]


时间：2022-07-06 22:51:03
版本：v20220630
异常信息：Traceback (most recent call last):
  File "F:\python项目\XueXiTongAutoFlush\package\learn\learn_helper.py", line 185, in automatic_learning
    task.finish()
  File "F:\python项目\XueXiTongAutoFlush\package\learn\task\video.py", line 38, in finish
    nowTime = self.__driver.find_element(By.CLASS_NAME, 'vjs-current-time-display').text
  File "F:\python项目\XueXiTongAutoFlush\venv\lib\site-packages\selenium\webdriver\remote\webdriver.py", line 976, in find_element
    return self.execute(Command.FIND_ELEMENT, {
  File "F:\python项目\XueXiTongAutoFlush\venv\lib\site-packages\selenium\webdriver\remote\webdriver.py", line 321, in execute
    self.error_handler.check_response(response)
  File "F:\python项目\XueXiTongAutoFlush\venv\lib\site-packages\selenium\webdriver\remote\errorhandler.py", line 242, in check_response
    raise exception_class(message, screen, stacktrace)
selenium.common.exceptions.NoSuchElementException: Message: no such element: Unable to locate element: {"method":"class name","selector":"vjs-current-time-display"}
  (Session info: chrome=73.0.3683.86)
  (Driver info: chromedriver=73.0.3683.68 (47787ec04b6e38e22703e856e101e840b65afe72),platform=Windows NT 10.0.22000 x86_64)



时间：2022-07-06 22:51:03
版本：v20220630
异常信息：Traceback (most recent call last):
  File "F:\python项目\XueXiTongAutoFlush\package\learn\learn_helper.py", line 185, in automatic_learning
    task.finish()
  File "F:\python项目\XueXiTongAutoFlush\package\learn\task\quiz\quiz.py", line 117, in finish
    self.__getData()
  File "F:\python项目\XueXiTongAutoFlush\package\learn\task\quiz\quiz.py", line 34, in __getData
    iframe = self.__driver.find_element(By.CSS_SELECTOR, '[id="frame_content"]')
  File "F:\python项目\XueXiTongAutoFlush\venv\lib\site-packages\selenium\webdriver\remote\webdriver.py", line 976, in find_element
    return self.execute(Command.FIND_ELEMENT, {
  File "F:\python项目\XueXiTongAutoFlush\venv\lib\site-packages\selenium\webdriver\remote\webdriver.py", line 321, in execute
    self.error_handler.check_response(response)
  File "F:\python项目\XueXiTongAutoFlush\venv\lib\site-packages\selenium\webdriver\remote\errorhandler.py", line 242, in check_response
    raise exception_class(message, screen, stacktrace)
selenium.common.exceptions.NoSuchElementException: Message: no such element: Unable to locate element: {"method":"css selector","selector":"[id="frame_content"]"}
  (Session info: chrome=73.0.3683.86)
  (Driver info: chromedriver=73.0.3683.68 (47787ec04b6e38e22703e856e101e840b65afe72),platform=Windows NT 10.0.22000 x86_64)



时间：2022-07-06 22:51:05
版本：v20220630
异常信息：Traceback (most recent call last):
  File "F:\python项目\XueXiTongAutoFlush\package\learn\learn_helper.py", line 185, in automatic_learning
    task.finish()
  File "F:\python项目\XueXiTongAutoFlush\package\learn\task\video.py", line 27, in finish
    button.click()
  File "F:\python项目\XueXiTongAutoFlush\venv\lib\site-packages\selenium\webdriver\remote\webelement.py", line 80, in click
    self._execute(Command.CLICK_ELEMENT)
  File "F:\python项目\XueXiTongAutoFlush\venv\lib\site-packages\selenium\webdriver\remote\webelement.py", line 633, in _execute
    return self._parent.execute(command, params)
  File "F:\python项目\XueXiTongAutoFlush\venv\lib\site-packages\selenium\webdriver\remote\webdriver.py", line 321, in execute
    self.error_handler.check_response(response)
  File "F:\python项目\XueXiTongAutoFlush\venv\lib\site-packages\selenium\webdriver\remote\errorhandler.py", line 242, in check_response
    raise exception_class(message, screen, stacktrace)
selenium.common.exceptions.ElementNotVisibleException: Message: element not interactable
  (Session info: chrome=73.0.3683.86)
  (Driver info: chromedriver=73.0.3683.68 (47787ec04b6e38e22703e856e101e840b65afe72),platform=Windows NT 10.0.22000 x86_64)



时间：2022-07-06 22:51:05
版本：v20220630
异常信息：Traceback (most recent call last):
  File "F:\python项目\XueXiTongAutoFlush\package\learn\learn_helper.py", line 185, in automatic_learning
    task.finish()
  File "F:\python项目\XueXiTongAutoFlush\package\learn\task\quiz\quiz.py", line 117, in finish
    self.__getData()
  File "F:\python项目\XueXiTongAutoFlush\package\learn\task\quiz\quiz.py", line 34, in __getData
    iframe = self.__driver.find_element(By.CSS_SELECTOR, '[id="frame_content"]')
  File "F:\python项目\XueXiTongAutoFlush\venv\lib\site-packages\selenium\webdriver\remote\webdriver.py", line 976, in find_element
    return self.execute(Command.FIND_ELEMENT, {
  File "F:\python项目\XueXiTongAutoFlush\venv\lib\site-packages\selenium\webdriver\remote\webdriver.py", line 321, in execute
    self.error_handler.check_response(response)
  File "F:\python项目\XueXiTongAutoFlush\venv\lib\site-packages\selenium\webdriver\remote\errorhandler.py", line 242, in check_response
    raise exception_class(message, screen, stacktrace)
selenium.common.exceptions.NoSuchElementException: Message: no such element: Unable to locate element: {"method":"css selector","selector":"[id="frame_content"]"}
  (Session info: chrome=73.0.3683.86)
  (Driver info: chromedriver=73.0.3683.68 (47787ec04b6e38e22703e856e101e840b65afe72),platform=Windows NT 10.0.22000 x86_64)



时间：2022-07-06 23:10:18
版本：v20220630
异常信息：Traceback (most recent call last):
  File "F:\python项目\XueXiTongAutoFlush\package\learn\learn_helper.py", line 185, in automatic_learning
    task.finish()
  File "F:\python项目\XueXiTongAutoFlush\package\learn\task\quiz\quiz.py", line 117, in finish
    self.__getData()
  File "F:\python项目\XueXiTongAutoFlush\package\learn\task\quiz\quiz.py", line 34, in __getData
    iframe = self.__driver.find_element(By.CSS_SELECTOR, '[id="frame_content"]')
  File "F:\python项目\XueXiTongAutoFlush\venv\lib\site-packages\selenium\webdriver\remote\webdriver.py", line 976, in find_element
    return self.execute(Command.FIND_ELEMENT, {
  File "F:\python项目\XueXiTongAutoFlush\venv\lib\site-packages\selenium\webdriver\remote\webdriver.py", line 321, in execute
    self.error_handler.check_response(response)
  File "F:\python项目\XueXiTongAutoFlush\venv\lib\site-packages\selenium\webdriver\remote\errorhandler.py", line 242, in check_response
    raise exception_class(message, screen, stacktrace)
selenium.common.exceptions.NoSuchElementException: Message: no such element: Unable to locate element: {"method":"css selector","selector":"[id="frame_content"]"}
  (Session info: chrome=73.0.3683.86)
  (Driver info: chromedriver=73.0.3683.68 (47787ec04b6e38e22703e856e101e840b65afe72),platform=Windows NT 10.0.22000 x86_64)



时间：2022-07-06 23:23:45
版本：v20220630
异常信息：Traceback (most recent call last):
  File "F:\python项目\XueXiTongAutoFlush\package\learn\learn_helper.py", line 185, in automatic_learning
    task.finish()
  File "F:\python项目\XueXiTongAutoFlush\package\learn\task\quiz\quiz.py", line 117, in finish
    self.__getData()
  File "F:\python项目\XueXiTongAutoFlush\package\learn\task\quiz\quiz.py", line 34, in __getData
    iframe = self.__driver.find_element(By.CSS_SELECTOR, '[id="frame_content"]')
  File "F:\python项目\XueXiTongAutoFlush\venv\lib\site-packages\selenium\webdriver\remote\webdriver.py", line 976, in find_element
    return self.execute(Command.FIND_ELEMENT, {
  File "F:\python项目\XueXiTongAutoFlush\venv\lib\site-packages\selenium\webdriver\remote\webdriver.py", line 321, in execute
    self.error_handler.check_response(response)
  File "F:\python项目\XueXiTongAutoFlush\venv\lib\site-packages\selenium\webdriver\remote\errorhandler.py", line 242, in check_response
    raise exception_class(message, screen, stacktrace)
selenium.common.exceptions.NoSuchElementException: Message: no such element: Unable to locate element: {"method":"css selector","selector":"[id="frame_content"]"}
  (Session info: chrome=73.0.3683.86)
  (Driver info: chromedriver=73.0.3683.68 (47787ec04b6e38e22703e856e101e840b65afe72),platform=Windows NT 10.0.22000 x86_64)



时间：2022-07-07 00:01:24
版本：v20220630
异常信息：Traceback (most recent call last):
  File "F:\python项目\XueXiTongAutoFlush\package\learn\learn_helper.py", line 185, in automatic_learning
    task.finish()
  File "F:\python项目\XueXiTongAutoFlush\package\learn\task\quiz\quiz.py", line 117, in finish
    self.__getData()
  File "F:\python项目\XueXiTongAutoFlush\package\learn\task\quiz\quiz.py", line 34, in __getData
    iframe = self.__driver.find_element(By.CSS_SELECTOR, '[id="frame_content"]')
  File "F:\python项目\XueXiTongAutoFlush\venv\lib\site-packages\selenium\webdriver\remote\webdriver.py", line 976, in find_element
    return self.execute(Command.FIND_ELEMENT, {
  File "F:\python项目\XueXiTongAutoFlush\venv\lib\site-packages\selenium\webdriver\remote\webdriver.py", line 321, in execute
    self.error_handler.check_response(response)
  File "F:\python项目\XueXiTongAutoFlush\venv\lib\site-packages\selenium\webdriver\remote\errorhandler.py", line 242, in check_response
    raise exception_class(message, screen, stacktrace)
selenium.common.exceptions.NoSuchElementException: Message: no such element: Unable to locate element: {"method":"css selector","selector":"[id="frame_content"]"}
  (Session info: chrome=73.0.3683.86)
  (Driver info: chromedriver=73.0.3683.68 (47787ec04b6e38e22703e856e101e840b65afe72),platform=Windows NT 10.0.22000 x86_64)



时间：2022-07-07 00:18:55
版本：v20220630
异常信息：Traceback (most recent call last):
  File "F:\python项目\XueXiTongAutoFlush\package\learn\learn_helper.py", line 185, in automatic_learning
    task.finish()
  File "F:\python项目\XueXiTongAutoFlush\package\learn\task\quiz\quiz.py", line 117, in finish
    self.__getData()
  File "F:\python项目\XueXiTongAutoFlush\package\learn\task\quiz\quiz.py", line 34, in __getData
    iframe = self.__driver.find_element(By.CSS_SELECTOR, '[id="frame_content"]')
  File "F:\python项目\XueXiTongAutoFlush\venv\lib\site-packages\selenium\webdriver\remote\webdriver.py", line 976, in find_element
    return self.execute(Command.FIND_ELEMENT, {
  File "F:\python项目\XueXiTongAutoFlush\venv\lib\site-packages\selenium\webdriver\remote\webdriver.py", line 321, in execute
    self.error_handler.check_response(response)
  File "F:\python项目\XueXiTongAutoFlush\venv\lib\site-packages\selenium\webdriver\remote\errorhandler.py", line 242, in check_response
    raise exception_class(message, screen, stacktrace)
selenium.common.exceptions.NoSuchElementException: Message: no such element: Unable to locate element: {"method":"css selector","selector":"[id="frame_content"]"}
  (Session info: chrome=73.0.3683.86)
  (Driver info: chromedriver=73.0.3683.68 (47787ec04b6e38e22703e856e101e840b65afe72),platform=Windows NT 10.0.22000 x86_64)



时间：2022-07-07 00:34:09
版本：v20220630
异常信息：Traceback (most recent call last):
  File "F:\python项目\XueXiTongAutoFlush\package\learn\learn_helper.py", line 185, in automatic_learning
    task.finish()
  File "F:\python项目\XueXiTongAutoFlush\package\learn\task\quiz\quiz.py", line 117, in finish
    self.__getData()
  File "F:\python项目\XueXiTongAutoFlush\package\learn\task\quiz\quiz.py", line 34, in __getData
    iframe = self.__driver.find_element(By.CSS_SELECTOR, '[id="frame_content"]')
  File "F:\python项目\XueXiTongAutoFlush\venv\lib\site-packages\selenium\webdriver\remote\webdriver.py", line 976, in find_element
    return self.execute(Command.FIND_ELEMENT, {
  File "F:\python项目\XueXiTongAutoFlush\venv\lib\site-packages\selenium\webdriver\remote\webdriver.py", line 321, in execute
    self.error_handler.check_response(response)
  File "F:\python项目\XueXiTongAutoFlush\venv\lib\site-packages\selenium\webdriver\remote\errorhandler.py", line 242, in check_response
    raise exception_class(message, screen, stacktrace)
selenium.common.exceptions.NoSuchElementException: Message: no such element: Unable to locate element: {"method":"css selector","selector":"[id="frame_content"]"}
  (Session info: chrome=73.0.3683.86)
  (Driver info: chromedriver=73.0.3683.68 (47787ec04b6e38e22703e856e101e840b65afe72),platform=Windows NT 10.0.22000 x86_64)



时间：2022-07-07 00:50:13
版本：v20220630
异常信息：Traceback (most recent call last):
  File "F:\python项目\XueXiTongAutoFlush\package\learn\learn_helper.py", line 185, in automatic_learning
    task.finish()
  File "F:\python项目\XueXiTongAutoFlush\package\learn\task\quiz\quiz.py", line 117, in finish
    self.__getData()
  File "F:\python项目\XueXiTongAutoFlush\package\learn\task\quiz\quiz.py", line 34, in __getData
    iframe = self.__driver.find_element(By.CSS_SELECTOR, '[id="frame_content"]')
  File "F:\python项目\XueXiTongAutoFlush\venv\lib\site-packages\selenium\webdriver\remote\webdriver.py", line 976, in find_element
    return self.execute(Command.FIND_ELEMENT, {
  File "F:\python项目\XueXiTongAutoFlush\venv\lib\site-packages\selenium\webdriver\remote\webdriver.py", line 321, in execute
    self.error_handler.check_response(response)
  File "F:\python项目\XueXiTongAutoFlush\venv\lib\site-packages\selenium\webdriver\remote\errorhandler.py", line 242, in check_response
    raise exception_class(message, screen, stacktrace)
selenium.common.exceptions.NoSuchElementException: Message: no such element: Unable to locate element: {"method":"css selector","selector":"[id="frame_content"]"}
  (Session info: chrome=73.0.3683.86)
  (Driver info: chromedriver=73.0.3683.68 (47787ec04b6e38e22703e856e101e840b65afe72),platform=Windows NT 10.0.22000 x86_64)



时间：2022-07-07 01:09:48
版本：v20220630
异常信息：Traceback (most recent call last):
  File "F:\python项目\XueXiTongAutoFlush\package\learn\learn_helper.py", line 185, in automatic_learning
    task.finish()
  File "F:\python项目\XueXiTongAutoFlush\package\learn\task\quiz\quiz.py", line 117, in finish
    self.__getData()
  File "F:\python项目\XueXiTongAutoFlush\package\learn\task\quiz\quiz.py", line 34, in __getData
    iframe = self.__driver.find_element(By.CSS_SELECTOR, '[id="frame_content"]')
  File "F:\python项目\XueXiTongAutoFlush\venv\lib\site-packages\selenium\webdriver\remote\webdriver.py", line 976, in find_element
    return self.execute(Command.FIND_ELEMENT, {
  File "F:\python项目\XueXiTongAutoFlush\venv\lib\site-packages\selenium\webdriver\remote\webdriver.py", line 321, in execute
    self.error_handler.check_response(response)
  File "F:\python项目\XueXiTongAutoFlush\venv\lib\site-packages\selenium\webdriver\remote\errorhandler.py", line 242, in check_response
    raise exception_class(message, screen, stacktrace)
selenium.common.exceptions.NoSuchElementException: Message: no such element: Unable to locate element: {"method":"css selector","selector":"[id="frame_content"]"}
  (Session info: chrome=73.0.3683.86)
  (Driver info: chromedriver=73.0.3683.68 (47787ec04b6e38e22703e856e101e840b65afe72),platform=Windows NT 10.0.22000 x86_64)



时间：2022-07-07 01:24:21
版本：v20220630
异常信息：Traceback (most recent call last):
  File "F:\python项目\XueXiTongAutoFlush\package\learn\learn_helper.py", line 185, in automatic_learning
    task.finish()
  File "F:\python项目\XueXiTongAutoFlush\package\learn\task\quiz\quiz.py", line 117, in finish
    self.__getData()
  File "F:\python项目\XueXiTongAutoFlush\package\learn\task\quiz\quiz.py", line 34, in __getData
    iframe = self.__driver.find_element(By.CSS_SELECTOR, '[id="frame_content"]')
  File "F:\python项目\XueXiTongAutoFlush\venv\lib\site-packages\selenium\webdriver\remote\webdriver.py", line 976, in find_element
    return self.execute(Command.FIND_ELEMENT, {
  File "F:\python项目\XueXiTongAutoFlush\venv\lib\site-packages\selenium\webdriver\remote\webdriver.py", line 321, in execute
    self.error_handler.check_response(response)
  File "F:\python项目\XueXiTongAutoFlush\venv\lib\site-packages\selenium\webdriver\remote\errorhandler.py", line 242, in check_response
    raise exception_class(message, screen, stacktrace)
selenium.common.exceptions.NoSuchElementException: Message: no such element: Unable to locate element: {"method":"css selector","selector":"[id="frame_content"]"}
  (Session info: chrome=73.0.3683.86)
  (Driver info: chromedriver=73.0.3683.68 (47787ec04b6e38e22703e856e101e840b65afe72),platform=Windows NT 10.0.22000 x86_64)



时间：2022-07-07 01:39:28
版本：v20220630
异常信息：Traceback (most recent call last):
  File "F:\python项目\XueXiTongAutoFlush\package\learn\learn_helper.py", line 185, in automatic_learning
    task.finish()
  File "F:\python项目\XueXiTongAutoFlush\package\learn\task\quiz\quiz.py", line 117, in finish
    self.__getData()
  File "F:\python项目\XueXiTongAutoFlush\package\learn\task\quiz\quiz.py", line 34, in __getData
    iframe = self.__driver.find_element(By.CSS_SELECTOR, '[id="frame_content"]')
  File "F:\python项目\XueXiTongAutoFlush\venv\lib\site-packages\selenium\webdriver\remote\webdriver.py", line 976, in find_element
    return self.execute(Command.FIND_ELEMENT, {
  File "F:\python项目\XueXiTongAutoFlush\venv\lib\site-packages\selenium\webdriver\remote\webdriver.py", line 321, in execute
    self.error_handler.check_response(response)
  File "F:\python项目\XueXiTongAutoFlush\venv\lib\site-packages\selenium\webdriver\remote\errorhandler.py", line 242, in check_response
    raise exception_class(message, screen, stacktrace)
selenium.common.exceptions.NoSuchElementException: Message: no such element: Unable to locate element: {"method":"css selector","selector":"[id="frame_content"]"}
  (Session info: chrome=73.0.3683.86)
  (Driver info: chromedriver=73.0.3683.68 (47787ec04b6e38e22703e856e101e840b65afe72),platform=Windows NT 10.0.22000 x86_64)



时间：2022-07-07 07:52:53
版本：v20220630
异常信息：Traceback (most recent call last):
  File "F:\python项目\XueXiTongAutoFlush\package\learn\learn_helper.py", line 185, in automatic_learning
    task.finish()
  File "F:\python项目\XueXiTongAutoFlush\package\learn\task\quiz\quiz.py", line 117, in finish
    self.__getData()
  File "F:\python项目\XueXiTongAutoFlush\package\learn\task\quiz\quiz.py", line 34, in __getData
    iframe = self.__driver.find_element(By.CSS_SELECTOR, '[id="frame_content"]')
  File "F:\python项目\XueXiTongAutoFlush\venv\lib\site-packages\selenium\webdriver\remote\webdriver.py", line 976, in find_element
    return self.execute(Command.FIND_ELEMENT, {
  File "F:\python项目\XueXiTongAutoFlush\venv\lib\site-packages\selenium\webdriver\remote\webdriver.py", line 321, in execute
    self.error_handler.check_response(response)
  File "F:\python项目\XueXiTongAutoFlush\venv\lib\site-packages\selenium\webdriver\remote\errorhandler.py", line 242, in check_response
    raise exception_class(message, screen, stacktrace)
selenium.common.exceptions.NoSuchElementException: Message: no such element: Unable to locate element: {"method":"css selector","selector":"[id="frame_content"]"}
  (Session info: chrome=73.0.3683.86)
  (Driver info: chromedriver=73.0.3683.68 (47787ec04b6e38e22703e856e101e840b65afe72),platform=Windows NT 10.0.22000 x86_64)



时间：2022-07-07 08:37:02
版本：v20220630
异常信息：Traceback (most recent call last):
  File "F:\python项目\XueXiTongAutoFlush\package\learn\learn_helper.py", line 185, in automatic_learning
    task.finish()
  File "F:\python项目\XueXiTongAutoFlush\package\learn\task\quiz\quiz.py", line 117, in finish
    self.__getData()
  File "F:\python项目\XueXiTongAutoFlush\package\learn\task\quiz\quiz.py", line 34, in __getData
    iframe = self.__driver.find_element(By.CSS_SELECTOR, '[id="frame_content"]')
  File "F:\python项目\XueXiTongAutoFlush\venv\lib\site-packages\selenium\webdriver\remote\webdriver.py", line 976, in find_element
    return self.execute(Command.FIND_ELEMENT, {
  File "F:\python项目\XueXiTongAutoFlush\venv\lib\site-packages\selenium\webdriver\remote\webdriver.py", line 321, in execute
    self.error_handler.check_response(response)
  File "F:\python项目\XueXiTongAutoFlush\venv\lib\site-packages\selenium\webdriver\remote\errorhandler.py", line 242, in check_response
    raise exception_class(message, screen, stacktrace)
selenium.common.exceptions.NoSuchElementException: Message: no such element: Unable to locate element: {"method":"css selector","selector":"[id="frame_content"]"}
  (Session info: chrome=73.0.3683.86)
  (Driver info: chromedriver=73.0.3683.68 (47787ec04b6e38e22703e856e101e840b65afe72),platform=Windows NT 10.0.22000 x86_64)



时间：2022-07-07 08:50:45
版本：v20220630
异常信息：Traceback (most recent call last):
  File "F:\python项目\XueXiTongAutoFlush\package\learn\learn_helper.py", line 185, in automatic_learning
    task.finish()
  File "F:\python项目\XueXiTongAutoFlush\package\learn\task\quiz\quiz.py", line 117, in finish
    self.__getData()
  File "F:\python项目\XueXiTongAutoFlush\package\learn\task\quiz\quiz.py", line 34, in __getData
    iframe = self.__driver.find_element(By.CSS_SELECTOR, '[id="frame_content"]')
  File "F:\python项目\XueXiTongAutoFlush\venv\lib\site-packages\selenium\webdriver\remote\webdriver.py", line 976, in find_element
    return self.execute(Command.FIND_ELEMENT, {
  File "F:\python项目\XueXiTongAutoFlush\venv\lib\site-packages\selenium\webdriver\remote\webdriver.py", line 321, in execute
    self.error_handler.check_response(response)
  File "F:\python项目\XueXiTongAutoFlush\venv\lib\site-packages\selenium\webdriver\remote\errorhandler.py", line 242, in check_response
    raise exception_class(message, screen, stacktrace)
selenium.common.exceptions.NoSuchElementException: Message: no such element: Unable to locate element: {"method":"css selector","selector":"[id="frame_content"]"}
  (Session info: chrome=73.0.3683.86)
  (Driver info: chromedriver=73.0.3683.68 (47787ec04b6e38e22703e856e101e840b65afe72),platform=Windows NT 10.0.22000 x86_64)



时间：2022-07-07 09:07:29
版本：v20220630
异常信息：Traceback (most recent call last):
  File "F:\python项目\XueXiTongAutoFlush\package\learn\learn_helper.py", line 185, in automatic_learning
    task.finish()
  File "F:\python项目\XueXiTongAutoFlush\package\learn\task\quiz\quiz.py", line 117, in finish
    self.__getData()
  File "F:\python项目\XueXiTongAutoFlush\package\learn\task\quiz\quiz.py", line 34, in __getData
    iframe = self.__driver.find_element(By.CSS_SELECTOR, '[id="frame_content"]')
  File "F:\python项目\XueXiTongAutoFlush\venv\lib\site-packages\selenium\webdriver\remote\webdriver.py", line 976, in find_element
    return self.execute(Command.FIND_ELEMENT, {
  File "F:\python项目\XueXiTongAutoFlush\venv\lib\site-packages\selenium\webdriver\remote\webdriver.py", line 321, in execute
    self.error_handler.check_response(response)
  File "F:\python项目\XueXiTongAutoFlush\venv\lib\site-packages\selenium\webdriver\remote\errorhandler.py", line 242, in check_response
    raise exception_class(message, screen, stacktrace)
selenium.common.exceptions.NoSuchElementException: Message: no such element: Unable to locate element: {"method":"css selector","selector":"[id="frame_content"]"}
  (Session info: chrome=73.0.3683.86)
  (Driver info: chromedriver=73.0.3683.68 (47787ec04b6e38e22703e856e101e840b65afe72),platform=Windows NT 10.0.22000 x86_64)



时间：2022-07-07 09:25:08
版本：v20220630
异常信息：Traceback (most recent call last):
  File "F:\python项目\XueXiTongAutoFlush\package\learn\learn_helper.py", line 185, in automatic_learning
    task.finish()
  File "F:\python项目\XueXiTongAutoFlush\package\learn\task\quiz\quiz.py", line 117, in finish
    self.__getData()
  File "F:\python项目\XueXiTongAutoFlush\package\learn\task\quiz\quiz.py", line 34, in __getData
    iframe = self.__driver.find_element(By.CSS_SELECTOR, '[id="frame_content"]')
  File "F:\python项目\XueXiTongAutoFlush\venv\lib\site-packages\selenium\webdriver\remote\webdriver.py", line 976, in find_element
    return self.execute(Command.FIND_ELEMENT, {
  File "F:\python项目\XueXiTongAutoFlush\venv\lib\site-packages\selenium\webdriver\remote\webdriver.py", line 321, in execute
    self.error_handler.check_response(response)
  File "F:\python项目\XueXiTongAutoFlush\venv\lib\site-packages\selenium\webdriver\remote\errorhandler.py", line 242, in check_response
    raise exception_class(message, screen, stacktrace)
selenium.common.exceptions.NoSuchElementException: Message: no such element: Unable to locate element: {"method":"css selector","selector":"[id="frame_content"]"}
  (Session info: chrome=73.0.3683.86)
  (Driver info: chromedriver=73.0.3683.68 (47787ec04b6e38e22703e856e101e840b65afe72),platform=Windows NT 10.0.22000 x86_64)



时间：2022-07-07 21:59:37
版本：v20220630
异常信息：Traceback (most recent call last):
  File "F:\python项目\XueXiTongAutoFlush\package\learn\learn_helper.py", line 185, in automatic_learning
    task.finish()
  File "F:\python项目\XueXiTongAutoFlush\package\learn\task\video.py", line 38, in finish
    nowTime = self.__driver.find_element(By.CLASS_NAME, 'vjs-current-time-display').text
  File "F:\python项目\XueXiTongAutoFlush\venv\lib\site-packages\selenium\webdriver\remote\webdriver.py", line 976, in find_element
    return self.execute(Command.FIND_ELEMENT, {
  File "F:\python项目\XueXiTongAutoFlush\venv\lib\site-packages\selenium\webdriver\remote\webdriver.py", line 321, in execute
    self.error_handler.check_response(response)
  File "F:\python项目\XueXiTongAutoFlush\venv\lib\site-packages\selenium\webdriver\remote\errorhandler.py", line 242, in check_response
    raise exception_class(message, screen, stacktrace)
selenium.common.exceptions.WebDriverException: Message: chrome not reachable
  (Session info: chrome=73.0.3683.86)
  (Driver info: chromedriver=73.0.3683.68 (47787ec04b6e38e22703e856e101e840b65afe72),platform=Windows NT 10.0.22000 x86_64)



时间：2022-07-10 00:46:33
版本：v20220630
异常信息：Traceback (most recent call last):
  File "F:\python项目\XueXiTongAutoFlush\package\learn\learn_helper.py", line 62, in automatic_learning
    chapter_list = learn.get_chapters(driver.get_driver())
  File "F:\python项目\XueXiTongAutoFlush\package\learn\school\fuist.py", line 51, in get_chapters
    catalog_sbar = i.find_element(By.CSS_SELECTOR, '[class="catalog_sbar"]').text
  File "F:\python项目\XueXiTongAutoFlush\venv\lib\site-packages\selenium\webdriver\remote\webelement.py", line 658, in find_element
    return self._execute(Command.FIND_CHILD_ELEMENT,
  File "F:\python项目\XueXiTongAutoFlush\venv\lib\site-packages\selenium\webdriver\remote\webelement.py", line 633, in _execute
    return self._parent.execute(command, params)
  File "F:\python项目\XueXiTongAutoFlush\venv\lib\site-packages\selenium\webdriver\remote\webdriver.py", line 321, in execute
    self.error_handler.check_response(response)
  File "F:\python项目\XueXiTongAutoFlush\venv\lib\site-packages\selenium\webdriver\remote\errorhandler.py", line 242, in check_response
    raise exception_class(message, screen, stacktrace)
selenium.common.exceptions.NoSuchElementException: Message: no such element: Unable to locate element: {"method":"css selector","selector":"[class="catalog_sbar"]"}
  (Session info: chrome=73.0.3683.86)
  (Driver info: chromedriver=73.0.3683.68 (47787ec04b6e38e22703e856e101e840b65afe72),platform=Windows NT 10.0.22000 x86_64)



时间：2022-07-10 00:46:35
版本：v20220630
异常信息：Traceback (most recent call last):
  File "F:\python项目\XueXiTongAutoFlush\package\learn\learn_helper.py", line 62, in automatic_learning
    chapter_list = learn.get_chapters(driver.get_driver())
  File "F:\python项目\XueXiTongAutoFlush\package\learn\school\fuist.py", line 51, in get_chapters
    catalog_sbar = i.find_element(By.CSS_SELECTOR, '[class="catalog_sbar"]').text
  File "F:\python项目\XueXiTongAutoFlush\venv\lib\site-packages\selenium\webdriver\remote\webelement.py", line 658, in find_element
    return self._execute(Command.FIND_CHILD_ELEMENT,
  File "F:\python项目\XueXiTongAutoFlush\venv\lib\site-packages\selenium\webdriver\remote\webelement.py", line 633, in _execute
    return self._parent.execute(command, params)
  File "F:\python项目\XueXiTongAutoFlush\venv\lib\site-packages\selenium\webdriver\remote\webdriver.py", line 321, in execute
    self.error_handler.check_response(response)
  File "F:\python项目\XueXiTongAutoFlush\venv\lib\site-packages\selenium\webdriver\remote\errorhandler.py", line 242, in check_response
    raise exception_class(message, screen, stacktrace)
selenium.common.exceptions.NoSuchElementException: Message: no such element: Unable to locate element: {"method":"css selector","selector":"[class="catalog_sbar"]"}
  (Session info: chrome=73.0.3683.86)
  (Driver info: chromedriver=73.0.3683.68 (47787ec04b6e38e22703e856e101e840b65afe72),platform=Windows NT 10.0.22000 x86_64)


During handling of the above exception, another exception occurred:

Traceback (most recent call last):
  File "F:\python项目\XueXiTongAutoFlush\faithlearning.py", line 59, in start_learn
    learn_helper.automatic_learning(driver)
  File "F:\python项目\XueXiTongAutoFlush\package\learn\learn_helper.py", line 66, in automatic_learning
    raise Exception("获取章节时出现异常："+str(e)+"\n可能原因见：package\\learn\\school\\README.md")
Exception: 获取章节时出现异常：Message: no such element: Unable to locate element: {"method":"css selector","selector":"[class="catalog_sbar"]"}
  (Session info: chrome=73.0.3683.86)
  (Driver info: chromedriver=73.0.3683.68 (47787ec04b6e38e22703e856e101e840b65afe72),platform=Windows NT 10.0.22000 x86_64)

可能原因见：package\learn\school\README.md


时间：2022-07-13 22:59:01
版本：v20220630
异常信息：Traceback (most recent call last):
  File "F:\python项目\XueXiTongAutoFlush\package\learn\learn_helper.py", line 62, in automatic_learning
    chapter_list = learn.get_chapters(driver.get_driver())
  File "F:\python项目\XueXiTongAutoFlush\package\learn\school\fuist.py", line 51, in get_chapters
    catalog_sbar = i.find_element(By.CSS_SELECTOR, '[class="catalog_sbar"]').text
  File "F:\python项目\XueXiTongAutoFlush\venv\lib\site-packages\selenium\webdriver\remote\webelement.py", line 658, in find_element
    return self._execute(Command.FIND_CHILD_ELEMENT,
  File "F:\python项目\XueXiTongAutoFlush\venv\lib\site-packages\selenium\webdriver\remote\webelement.py", line 633, in _execute
    return self._parent.execute(command, params)
  File "F:\python项目\XueXiTongAutoFlush\venv\lib\site-packages\selenium\webdriver\remote\webdriver.py", line 321, in execute
    self.error_handler.check_response(response)
  File "F:\python项目\XueXiTongAutoFlush\venv\lib\site-packages\selenium\webdriver\remote\errorhandler.py", line 242, in check_response
    raise exception_class(message, screen, stacktrace)
selenium.common.exceptions.NoSuchElementException: Message: no such element: Unable to locate element: {"method":"css selector","selector":"[class="catalog_sbar"]"}
  (Session info: chrome=73.0.3683.86)
  (Driver info: chromedriver=73.0.3683.68 (47787ec04b6e38e22703e856e101e840b65afe72),platform=Windows NT 10.0.22000 x86_64)



时间：2022-07-13 22:59:03
版本：v20220630
异常信息：Traceback (most recent call last):
  File "F:\python项目\XueXiTongAutoFlush\package\learn\learn_helper.py", line 62, in automatic_learning
    chapter_list = learn.get_chapters(driver.get_driver())
  File "F:\python项目\XueXiTongAutoFlush\package\learn\school\fuist.py", line 51, in get_chapters
    catalog_sbar = i.find_element(By.CSS_SELECTOR, '[class="catalog_sbar"]').text
  File "F:\python项目\XueXiTongAutoFlush\venv\lib\site-packages\selenium\webdriver\remote\webelement.py", line 658, in find_element
    return self._execute(Command.FIND_CHILD_ELEMENT,
  File "F:\python项目\XueXiTongAutoFlush\venv\lib\site-packages\selenium\webdriver\remote\webelement.py", line 633, in _execute
    return self._parent.execute(command, params)
  File "F:\python项目\XueXiTongAutoFlush\venv\lib\site-packages\selenium\webdriver\remote\webdriver.py", line 321, in execute
    self.error_handler.check_response(response)
  File "F:\python项目\XueXiTongAutoFlush\venv\lib\site-packages\selenium\webdriver\remote\errorhandler.py", line 242, in check_response
    raise exception_class(message, screen, stacktrace)
selenium.common.exceptions.NoSuchElementException: Message: no such element: Unable to locate element: {"method":"css selector","selector":"[class="catalog_sbar"]"}
  (Session info: chrome=73.0.3683.86)
  (Driver info: chromedriver=73.0.3683.68 (47787ec04b6e38e22703e856e101e840b65afe72),platform=Windows NT 10.0.22000 x86_64)


During handling of the above exception, another exception occurred:

Traceback (most recent call last):
  File "F:\python项目\XueXiTongAutoFlush\faithlearning.py", line 61, in start_learn
    learn_helper.automatic_learning(driver, True)
  File "F:\python项目\XueXiTongAutoFlush\package\learn\learn_helper.py", line 66, in automatic_learning
    raise Exception("获取章节时出现异常："+str(e)+"\n可能原因见：package\\learn\\school\\README.md")
Exception: 获取章节时出现异常：Message: no such element: Unable to locate element: {"method":"css selector","selector":"[class="catalog_sbar"]"}
  (Session info: chrome=73.0.3683.86)
  (Driver info: chromedriver=73.0.3683.68 (47787ec04b6e38e22703e856e101e840b65afe72),platform=Windows NT 10.0.22000 x86_64)

可能原因见：package\learn\school\README.md


异常等级：严重
时间：2022-08-05 23:25:49
版本：v20220630
异常信息：
Traceback (most recent call last):
  File "F:\python项目\XueXiTongAutoFlush\faithlearning.py", line 70, in start_learn
    learn_helper.automatic_learning(driver)
  File "F:\python项目\XueXiTongAutoFlush\package\learn\learn_helper.py", line 36, in automatic_learning
    learn = schoolGetter(gl.school_type)
AttributeError: module 'package.learn.globalvar' has no attribute 'school_type'


异常等级：严重
时间：2022-08-06 22:21:11
版本：v20220630
异常信息：
Traceback (most recent call last):
  File "F:\python项目\XueXiTongAutoFlush\faithlearning.py", line 70, in start_learn
    learn_helper.automatic_learning(driver)
  File "F:\python项目\XueXiTongAutoFlush\package\learn\learn_helper.py", line 36, in automatic_learning
    learn = schoolGetter(gl.school_type)
AttributeError: module 'package.learn.globalvar' has no attribute 'school_type'


异常等级：严重
时间：2022-08-06 22:24:36
版本：v20220630
异常信息：
Traceback (most recent call last):
  File "F:\python项目\XueXiTongAutoFlush\package\learn\school\getter.py", line 14, in schoolGetter
    school_obj_class = getattr(cs, schoolType)
AttributeError: module 'package.learn.school.concreteSchool' has no attribute 'default'

During handling of the above exception, another exception occurred:

Traceback (most recent call last):
  File "F:\python项目\XueXiTongAutoFlush\faithlearning.py", line 70, in start_learn
    learn_helper.automatic_learning(driver)
  File "F:\python项目\XueXiTongAutoFlush\package\learn\learn_helper.py", line 36, in automatic_learning
    learn = schoolGetter(gl.school_type)
  File "F:\python项目\XueXiTongAutoFlush\package\learn\school\getter.py", line 16, in schoolGetter
    raise Exception
Exception


异常等级：严重
时间：2022-08-06 22:26:45
版本：v20220630
异常信息：
Traceback (most recent call last):
  File "F:\python项目\XueXiTongAutoFlush\faithlearning.py", line 70, in start_learn
    learn_helper.automatic_learning(driver)
  File "F:\python项目\XueXiTongAutoFlush\package\learn\learn_helper.py", line 64, in automatic_learning
    tablePrinter.print(courseNameList)
  File "F:\python项目\XueXiTongAutoFlush\package\learn\printer\printer.py", line 48, in print
    data = self._preprocessing(data)
  File "F:\python项目\XueXiTongAutoFlush\package\learn\printer\printer.py", line 122, in _preprocessing
    dataList[index] += ["" for _ in range(differ)]
TypeError: can only concatenate str (not "list") to str


异常等级：严重
时间：2022-08-06 22:29:02
版本：v20220630
异常信息：
Traceback (most recent call last):
  File "F:\python项目\XueXiTongAutoFlush\faithlearning.py", line 70, in start_learn
    learn_helper.automatic_learning(driver)
  File "F:\python项目\XueXiTongAutoFlush\package\learn\learn_helper.py", line 67, in automatic_learning
    index = int(input("\n输入课程序号：")) - 1
ValueError: invalid literal for int() with base 10: ''


异常等级：严重
时间：2022-08-06 23:45:29
版本：v20220630
异常信息：
Traceback (most recent call last):
  File "F:\python项目\XueXiTongAutoFlush\faithlearning.py", line 70, in start_learn
    learn_helper.automatic_learning(driver)
  File "F:\python项目\XueXiTongAutoFlush\package\learn\learn_helper.py", line 65, in automatic_learning
    tablePrinter.print(courseNameList)
  File "F:\python项目\XueXiTongAutoFlush\package\learn\printer\printer.py", line 48, in print
    data = self._preprocessing(data)
  File "F:\python项目\XueXiTongAutoFlush\package\learn\printer\printer.py", line 190, in _preprocessing
    self._createLine()
  File "F:\python项目\XueXiTongAutoFlush\package\learn\printer\printer.py", line 306, in _createLine
    for tIndex in range(abreastTableNumber):
TypeError: 'float' object cannot be interpreted as an integer


异常等级：严重
时间：2022-08-07 00:44:35
版本：v20220630
异常信息：
Traceback (most recent call last):
  File "F:\python项目\XueXiTongAutoFlush\faithlearning.py", line 70, in start_learn
    learn_helper.automatic_learning(driver)
  File "F:\python项目\XueXiTongAutoFlush\package\learn\learn_helper.py", line 68, in automatic_learning
    course = courses_list[index]
ValueError: invalid literal for int() with base 10: ''


异常等级：严重
时间：2022-08-07 11:11:09
版本：v20220630
异常信息：
Traceback (most recent call last):
  File "F:\python项目\XueXiTongAutoFlush\faithlearning.py", line 70, in start_learn
    learn_helper.automatic_learning(driver)
  File "F:\python项目\XueXiTongAutoFlush\package\learn\learn_helper.py", line 195, in automatic_learning
    for item in (PPT, Video, Audio, QuizOfTask):
NameError: name 'PPT' is not defined


异常等级：严重
时间：2022-08-07 11:12:55
版本：v20220630
异常信息：
Traceback (most recent call last):
  File "F:\python项目\XueXiTongAutoFlush\faithlearning.py", line 70, in start_learn
    learn_helper.automatic_learning(driver)
  File "F:\python项目\XueXiTongAutoFlush\package\learn\learn_helper.py", line 198, in automatic_learning
    if task.isCurrentTask(i):
  File "F:\python项目\XueXiTongAutoFlush\package\learn\task\ppt.py", line 24, in isCurrentTask
    iframeList = self.__driver.find_elements(By.TAG_NAME, 'iframe')
AttributeError: 'PPT' object has no attribute '_PPT__driver'


异常等级：严重
时间：2022-08-07 13:46:50
版本：v20220630
异常信息：
Traceback (most recent call last):
  File "F:\python项目\XueXiTongAutoFlush\faithlearning.py", line 70, in start_learn
    learn_helper.automatic_learning(driver)
  File "F:\python项目\XueXiTongAutoFlush\package\learn\learn_helper.py", line 115, in automatic_learning
    driver.get_driver().find_element(By.CLASS_NAME, "switchbtn").click()
  File "F:\python项目\XueXiTongAutoFlush\venv\lib\site-packages\selenium\webdriver\remote\webelement.py", line 80, in click
    self._execute(Command.CLICK_ELEMENT)
  File "F:\python项目\XueXiTongAutoFlush\venv\lib\site-packages\selenium\webdriver\remote\webelement.py", line 633, in _execute
    return self._parent.execute(command, params)
  File "F:\python项目\XueXiTongAutoFlush\venv\lib\site-packages\selenium\webdriver\remote\webdriver.py", line 321, in execute
    self.error_handler.check_response(response)
  File "F:\python项目\XueXiTongAutoFlush\venv\lib\site-packages\selenium\webdriver\remote\errorhandler.py", line 242, in check_response
    raise exception_class(message, screen, stacktrace)
selenium.common.exceptions.WebDriverException: Message: unknown error: Element <div class="switchbtn"></div> is not clickable at point (284, 87). Other element would receive the click: <p class="popCenter padTop60">...</p>
  (Session info: chrome=73.0.3683.86)
  (Driver info: chromedriver=73.0.3683.68 (47787ec04b6e38e22703e856e101e840b65afe72),platform=Windows NT 10.0.22000 x86_64)



异常等级：严重
时间：2022-08-07 13:50:46
版本：v20220630
异常信息：
Traceback (most recent call last):
  File "F:\python项目\XueXiTongAutoFlush\faithlearning.py", line 70, in start_learn
    learn_helper.automatic_learning(driver)
  File "F:\python项目\XueXiTongAutoFlush\package\learn\learn_helper.py", line 198, in automatic_learning
    if task.isCurrentTask(i):
  File "F:\python项目\XueXiTongAutoFlush\package\learn\task\ppt.py", line 24, in isCurrentTask
    iframeList = super().__driver.find_elements(By.TAG_NAME, 'iframe')
AttributeError: 'super' object has no attribute '_PPT__driver'


异常等级：中级
时间：2022-08-07 19:09:59
版本：v20220630
异常信息：
Traceback (most recent call last):
  File "F:\python项目\XueXiTongAutoFlush\package\learn\learn_helper.py", line 202, in automatic_learning
    task.finish()
  File "F:\python项目\XueXiTongAutoFlush\package\learn\task\quiz\quiz.py", line 119, in finish
    self.__getData()
  File "F:\python项目\XueXiTongAutoFlush\package\learn\task\quiz\quiz.py", line 36, in __getData
    iframe = self._Task__driver.find_element(By.CSS_SELECTOR, '[id="frame_content"]')
  File "F:\python项目\XueXiTongAutoFlush\venv\lib\site-packages\selenium\webdriver\remote\webdriver.py", line 976, in find_element
    return self.execute(Command.FIND_ELEMENT, {
  File "F:\python项目\XueXiTongAutoFlush\venv\lib\site-packages\selenium\webdriver\remote\webdriver.py", line 321, in execute
    self.error_handler.check_response(response)
  File "F:\python项目\XueXiTongAutoFlush\venv\lib\site-packages\selenium\webdriver\remote\errorhandler.py", line 242, in check_response
    raise exception_class(message, screen, stacktrace)
selenium.common.exceptions.NoSuchElementException: Message: no such element: Unable to locate element: {"method":"css selector","selector":"[id="frame_content"]"}
  (Session info: chrome=73.0.3683.86)
  (Driver info: chromedriver=73.0.3683.68 (47787ec04b6e38e22703e856e101e840b65afe72),platform=Windows NT 10.0.22000 x86_64)

以 答题 执行时出错

异常等级：严重
时间：2022-08-07 21:50:42
版本：v20220630
异常信息：
Traceback (most recent call last):
  File "F:\python项目\XueXiTongAutoFlush\faithlearning.py", line 70, in start_learn
    learn_helper.automatic_learning(driver)
  File "F:\python项目\XueXiTongAutoFlush\package\learn\learn_helper.py", line 77, in automatic_learning
    course = getCourse()
  File "F:\python项目\XueXiTongAutoFlush\package\learn\learn_helper.py", line 42, in getCourse
    driver.go_courses_page()
NameError: name 'driver' is not defined


异常等级：严重
时间：2022-08-07 21:52:38
版本：v20220630
异常信息：
Traceback (most recent call last):
  File "F:\python项目\XueXiTongAutoFlush\faithlearning.py", line 70, in start_learn
    learn_helper.automatic_learning(driver)
  File "F:\python项目\XueXiTongAutoFlush\package\learn\learn_helper.py", line 85, in automatic_learning
    chapter_list = learn.get_chapters(driver.get_driver())
NameError: name 'learn' is not defined


